Component: ARM Compiler 5.06 update 6 (build 750) Tool: armlink [4d35ed]

==============================================================================

Section Cross References

    startup_stm32f407xx.o(RESET) refers to startup_stm32f407xx.o(STACK) for __initial_sp
    startup_stm32f407xx.o(RESET) refers to startup_stm32f407xx.o(.text) for Reset_Handler
    startup_stm32f407xx.o(RESET) refers to stm32f4xx_it.o(i.NMI_Handler) for NMI_Handler
    startup_stm32f407xx.o(RESET) refers to stm32f4xx_it.o(i.HardFault_Handler) for HardFault_Handler
    startup_stm32f407xx.o(RESET) refers to stm32f4xx_it.o(i.MemManage_Handler) for MemManage_Handler
    startup_stm32f407xx.o(RESET) refers to stm32f4xx_it.o(i.BusFault_Handler) for BusFault_Handler
    startup_stm32f407xx.o(RESET) refers to stm32f4xx_it.o(i.UsageFault_Handler) for UsageFault_Handler
    startup_stm32f407xx.o(RESET) refers to stm32f4xx_it.o(i.SVC_Handler) for SVC_Handler
    startup_stm32f407xx.o(RESET) refers to stm32f4xx_it.o(i.DebugMon_Handler) for DebugMon_Handler
    startup_stm32f407xx.o(RESET) refers to stm32f4xx_it.o(i.PendSV_Handler) for PendSV_Handler
    startup_stm32f407xx.o(RESET) refers to stm32f4xx_it.o(i.SysTick_Handler) for SysTick_Handler
    startup_stm32f407xx.o(RESET) refers to stm32f4xx_it.o(i.EXTI0_IRQHandler) for EXTI0_IRQHandler
    startup_stm32f407xx.o(RESET) refers to stm32f4xx_it.o(i.OTG_FS_IRQHandler) for OTG_FS_IRQHandler
    startup_stm32f407xx.o(.text) refers to system_stm32f4xx.o(i.SystemInit) for SystemInit
    startup_stm32f407xx.o(.text) refers to entry.o(.ARM.Collect$$$$00000000) for __main
    main.o(i.MPU6050_read) refers to stm32f4xx_hal_i2c.o(i.HAL_I2C_Master_Transmit) for HAL_I2C_Master_Transmit
    main.o(i.MPU6050_read) refers to stm32f4xx_hal.o(i.HAL_Delay) for HAL_Delay
    main.o(i.MPU6050_read) refers to stm32f4xx_hal_i2c.o(i.HAL_I2C_Master_Receive) for HAL_I2C_Master_Receive
    main.o(i.MPU6050_read) refers to i2c.o(.bss) for hi2c1
    main.o(i.MPU6050_write) refers to stm32f4xx_hal_i2c.o(i.HAL_I2C_Master_Transmit) for HAL_I2C_Master_Transmit
    main.o(i.MPU6050_write) refers to i2c.o(.bss) for hi2c1
    main.o(i.MPU6050_write_reg) refers to main.o(i.MPU6050_write) for MPU6050_write
    main.o(i.SystemClock_Config) refers to memseta.o(.text) for __aeabi_memclr4
    main.o(i.SystemClock_Config) refers to stm32f4xx_hal_rcc.o(i.HAL_RCC_OscConfig) for HAL_RCC_OscConfig
    main.o(i.SystemClock_Config) refers to stm32f4xx_hal_rcc.o(i.HAL_RCC_ClockConfig) for HAL_RCC_ClockConfig
    main.o(i.UART_float) refers to f2d.o(.text) for __aeabi_f2d
    main.o(i.UART_float) refers to printfa.o(i.__0sprintf) for __2sprintf
    main.o(i.UART_float) refers to strlen.o(.text) for strlen
    main.o(i.UART_float) refers to stm32f4xx_hal_uart.o(i.HAL_UART_Transmit) for HAL_UART_Transmit
    main.o(i.UART_hex) refers to printfa.o(i.__0sprintf) for __2sprintf
    main.o(i.UART_hex) refers to strlen.o(.text) for strlen
    main.o(i.UART_hex) refers to stm32f4xx_hal_uart.o(i.HAL_UART_Transmit) for HAL_UART_Transmit
    main.o(i.UART_raw) refers to printfa.o(i.__0sprintf) for __2sprintf
    main.o(i.UART_raw) refers to strlen.o(.text) for strlen
    main.o(i.UART_raw) refers to stm32f4xx_hal_uart.o(i.HAL_UART_Transmit) for HAL_UART_Transmit
    main.o(i.UART_string) refers to strlen.o(.text) for strlen
    main.o(i.UART_string) refers to stm32f4xx_hal_uart.o(i.HAL_UART_Transmit) for HAL_UART_Transmit
    main.o(i.UART_template) refers to printfa.o(i.__0sprintf) for __2sprintf
    main.o(i.UART_template) refers to strlen.o(.text) for strlen
    main.o(i.UART_template) refers to stm32f4xx_hal_uart.o(i.HAL_UART_Transmit) for HAL_UART_Transmit
    main.o(i.calibrate_sensors) refers to main.o(i.selectI2CChannels) for selectI2CChannels
    main.o(i.calibrate_sensors) refers to printfa.o(i.__0printf) for __2printf
    main.o(i.calibrate_sensors) refers to main.o(i.read_gyro_accel_vals) for read_gyro_accel_vals
    main.o(i.calibrate_sensors) refers to stm32f4xx_hal.o(i.HAL_Delay) for HAL_Delay
    main.o(i.calibrate_sensors) refers to main.o(.bss) for .bss
    main.o(i.fputc) refers to usbd_cdc_if.o(i.CDC_Transmit_FS) for CDC_Transmit_FS
    main.o(i.main) refers to stm32f4xx_hal.o(i.HAL_Init) for HAL_Init
    main.o(i.main) refers to main.o(i.SystemClock_Config) for SystemClock_Config
    main.o(i.main) refers to gpio.o(i.MX_GPIO_Init) for MX_GPIO_Init
    main.o(i.main) refers to i2c.o(i.MX_I2C1_Init) for MX_I2C1_Init
    main.o(i.main) refers to usart.o(i.MX_USART2_UART_Init) for MX_USART2_UART_Init
    main.o(i.main) refers to usb_device.o(i.MX_USB_DEVICE_Init) for MX_USB_DEVICE_Init
    main.o(i.main) refers to printfa.o(i.__0printf) for __2printf
    main.o(i.main) refers to main.o(i.selectI2CChannels) for selectI2CChannels
    main.o(i.main) refers to main.o(i.MPU6050_read) for MPU6050_read
    main.o(i.main) refers to stm32f4xx_hal.o(i.HAL_Delay) for HAL_Delay
[...]
    i.USBD_RegisterClass                     0x0800373c   Section        0  usbd_core.o(i.USBD_RegisterClass)
    i.USBD_SetClassConfig                    0x0800374c   Section        0  usbd_core.o(i.USBD_SetClassConfig)
    i.USBD_SetConfig                         0x08003764   Section        0  usbd_ctlreq.o(i.USBD_SetConfig)
    USBD_SetConfig                           0x08003765   Thumb Code   128  usbd_ctlreq.o(i.USBD_SetConfig)
    i.USBD_Start                             0x080037e8   Section        0  usbd_core.o(i.USBD_Start)
    i.USBD_StdDevReq                         0x080037f2   Section        0  usbd_ctlreq.o(i.USBD_StdDevReq)
    i.USBD_StdEPReq                          0x08003904   Section        0  usbd_ctlreq.o(i.USBD_StdEPReq)
    i.USBD_StdItfReq                         0x08003a54   Section        0  usbd_ctlreq.o(i.USBD_StdItfReq)
    i.USB_ActivateEndpoint                   0x08003aa4   Section        0  stm32f4xx_ll_usb.o(i.USB_ActivateEndpoint)
    i.USB_ActivateSetup                      0x08003b24   Section        0  stm32f4xx_ll_usb.o(i.USB_ActivateSetup)
    i.USB_CoreInit                           0x08003b58   Section        0  stm32f4xx_ll_usb.o(i.USB_CoreInit)
    i.USB_CoreReset                          0x08003bcc   Section        0  stm32f4xx_ll_usb.o(i.USB_CoreReset)
    USB_CoreReset                            0x08003bcd   Thumb Code    50  stm32f4xx_ll_usb.o(i.USB_CoreReset)
    i.USB_DeactivateEndpoint                 0x08003c04   Section        0  stm32f4xx_ll_usb.o(i.USB_DeactivateEndpoint)
    i.USB_DevConnect                         0x08003c84   Section        0  stm32f4xx_ll_usb.o(i.USB_DevConnect)
    i.USB_DevDisconnect                      0x08003c9c   Section        0  stm32f4xx_ll_usb.o(i.USB_DevDisconnect)
    i.USB_DevInit                            0x08003cb4   Section        0  stm32f4xx_ll_usb.o(i.USB_DevInit)
    i.USB_DisableGlobalInt                   0x08003e40   Section        0  stm32f4xx_ll_usb.o(i.USB_DisableGlobalInt)
    i.USB_EP0StartXfer                       0x08003e4c   Section        0  stm32f4xx_ll_usb.o(i.USB_EP0StartXfer)
    i.USB_EP0_OutStart                       0x08003f64   Section        0  stm32f4xx_ll_usb.o(i.USB_EP0_OutStart)
    i.USB_EPClearStall                       0x08003fbc   Section        0  stm32f4xx_ll_usb.o(i.USB_EPClearStall)
    i.USB_EPSetStall                         0x08004014   Section        0  stm32f4xx_ll_usb.o(i.USB_EPSetStall)
    i.USB_EPStartXfer                        0x0800406c   Section        0  stm32f4xx_ll_usb.o(i.USB_EPStartXfer)
    i.USB_EnableGlobalInt                    0x08004254   Section        0  stm32f4xx_ll_usb.o(i.USB_EnableGlobalInt)
    i.USB_FlushRxFifo                        0x08004260   Section        0  stm32f4xx_ll_usb.o(i.USB_FlushRxFifo)
    i.USB_FlushTxFifo                        0x08004280   Section        0  stm32f4xx_ll_usb.o(i.USB_FlushTxFifo)
    i.USB_GetDevSpeed                        0x080042a4   Section        0  stm32f4xx_ll_usb.o(i.USB_GetDevSpeed)
    i.USB_GetMode                            0x080042be   Section        0  stm32f4xx_ll_usb.o(i.USB_GetMode)
    i.USB_ReadDevAllInEpInterrupt            0x080042c6   Section        0  stm32f4xx_ll_usb.o(i.USB_ReadDevAllInEpInterrupt)
    i.USB_ReadDevAllOutEpInterrupt           0x080042d4   Section        0  stm32f4xx_ll_usb.o(i.USB_ReadDevAllOutEpInterrupt)
    i.USB_ReadDevInEPInterrupt               0x080042e2   Section        0  stm32f4xx_ll_usb.o(i.USB_ReadDevInEPInterrupt)
    i.USB_ReadDevOutEPInterrupt              0x08004306   Section        0  stm32f4xx_ll_usb.o(i.USB_ReadDevOutEPInterrupt)
    i.USB_ReadInterrupts                     0x08004316   Section        0  stm32f4xx_ll_usb.o(i.USB_ReadInterrupts)
    i.USB_ReadPacket                         0x0800431e   Section        0  stm32f4xx_ll_usb.o(i.USB_ReadPacket)
    i.USB_SetCurrentMode                     0x0800433a   Section        0  stm32f4xx_ll_usb.o(i.USB_SetCurrentMode)
    i.USB_SetDevAddress                      0x08004368   Section        0  stm32f4xx_ll_usb.o(i.USB_SetDevAddress)
    i.USB_SetTurnaroundTime                  0x0800438c   Section        0  stm32f4xx_ll_usb.o(i.USB_SetTurnaroundTime)
    i.USB_WritePacket                        0x08004474   Section        0  stm32f4xx_ll_usb.o(i.USB_WritePacket)
    i.UsageFault_Handler                     0x08004498   Section        0  stm32f4xx_it.o(i.UsageFault_Handler)
    i.__0printf                              0x0800449c   Section        0  printfa.o(i.__0printf)
    i.__ARM_fpclassify                       0x080044bc   Section        0  fpclassify.o(i.__ARM_fpclassify)
    i.__NVIC_SetPriority                     0x080044ec   Section        0  stm32f4xx_hal_cortex.o(i.__NVIC_SetPriority)
    __NVIC_SetPriority                       0x080044ed   Thumb Code    32  stm32f4xx_hal_cortex.o(i.__NVIC_SetPriority)
    i.__hardfp_atan                          0x08004510   Section        0  atan.o(i.__hardfp_atan)
    i.__hardfp_pow                           0x080047e8   Section        0  pow.o(i.__hardfp_pow)
    i.__hardfp_sqrt                          0x08005438   Section        0  sqrt.o(i.__hardfp_sqrt)
    i.__kernel_poly                          0x080054b2   Section        0  poly.o(i.__kernel_poly)
    i.__mathlib_dbl_divzero                  0x080055b0   Section        0  dunder.o(i.__mathlib_dbl_divzero)
    i.__mathlib_dbl_infnan                   0x080055e0   Section        0  dunder.o(i.__mathlib_dbl_infnan)
    i.__mathlib_dbl_infnan2                  0x080055f4   Section        0  dunder.o(i.__mathlib_dbl_infnan2)
    i.__mathlib_dbl_invalid                  0x08005608   Section        0  dunder.o(i.__mathlib_dbl_invalid)
    i.__mathlib_dbl_overflow                 0x08005628   Section        0  dunder.o(i.__mathlib_dbl_overflow)
    i.__mathlib_dbl_underflow                0x08005648   Section        0  dunder.o(i.__mathlib_dbl_underflow)
    i.__scatterload_copy                     0x08005668   Section       14  handlers.o(i.__scatterload_copy)
    i.__scatterload_null                     0x08005676   Section        2  handlers.o(i.__scatterload_null)
    i.__scatterload_zeroinit                 0x08005678   Section       14  handlers.o(i.__scatterload_zeroinit)
    i.__set_errno                            0x08005688   Section        0  errno.o(i.__set_errno)
    i._fp_digits                             0x08005694   Section        0  printfa.o(i._fp_digits)
    _fp_digits                               0x08005695   Thumb Code   366  printfa.o(i._fp_digits)
    i._printf_core                           0x08005818   Section        0  printfa.o(i._printf_core)
    _printf_core                             0x08005819   Thumb Code  1744  printfa.o(i._printf_core)
    i._printf_post_padding                   0x08005ef4   Section        0  printfa.o(i._printf_post_padding)
    _printf_post_padding                     0x08005ef5   Thumb Code    36  printfa.o(i._printf_post_padding)
    i._printf_pre_padding                    0x08005f18   Section        0  printfa.o(i._printf_pre_padding)
    _printf_pre_padding                      0x08005f19   Thumb Code    46  printfa.o(i._printf_pre_padding)
    i.calibrate_sensors                      0x08005f48   Section        0  main.o(i.calibrate_sensors)
    i.fabs                                   0x080060d0   Section        0  fabs.o(i.fabs)
    i.fputc                                  0x080060e8   Section        0  main.o(i.fputc)
    i.free                                   0x080060fc   Section        0  malloc.o(i.free)
    i.main                                   0x0800614c   Section        0  main.o(i.main)
    i.malloc                                 0x080065d4   Section        0  malloc.o(i.malloc)
    i.read_gyro_accel_vals                   0x08006640   Section        0  main.o(i.read_gyro_accel_vals)
    i.selectI2CChannels                      0x0800668c   Section        0  main.o(i.selectI2CChannels)
    i.set_last_read_angle_data               0x080066b0   Section        0  main.o(i.set_last_read_angle_data)
    i.sqrt                                   0x08006704   Section        0  sqrt.o(i.sqrt)
    .constdata                               0x08006772   Section       16  system_stm32f4xx.o(.constdata)
    .constdata                               0x08006782   Section        8  system_stm32f4xx.o(.constdata)
    .constdata                               0x08006790   Section      152  atan.o(.constdata)
    atanhi                                   0x08006790   Data          32  atan.o(.constdata)
    atanlo                                   0x080067b0   Data          32  atan.o(.constdata)
    aTodd                                    0x080067d0   Data          40  atan.o(.constdata)
    aTeven                                   0x080067f8   Data          48  atan.o(.constdata)
    .constdata                               0x08006828   Section      136  pow.o(.constdata)
    bp                                       0x08006828   Data          16  pow.o(.constdata)
    dp_h                                     0x08006838   Data          16  pow.o(.constdata)
    dp_l                                     0x08006848   Data          16  pow.o(.constdata)
    L                                        0x08006858   Data          48  pow.o(.constdata)
    P                                        0x08006888   Data          40  pow.o(.constdata)
    .constdata                               0x080068b0   Section        8  qnan.o(.constdata)
    .data                                    0x20000000   Section       28  usbd_desc.o(.data)
    .data                                    0x2000001c   Section       50  usbd_desc.o(.data)
    .data                                    0x20000050   Section       16  usbd_cdc_if.o(.data)
    .data                                    0x20000060   Section       12  stm32f4xx_hal.o(.data)
    .data                                    0x2000006c   Section        4  system_stm32f4xx.o(.data)
    .data                                    0x20000070   Section        1  usbd_ctlreq.o(.data)
    cfgidx                                   0x20000070   Data           1  usbd_ctlreq.o(.data)
    .data                                    0x20000074   Section      215  usbd_cdc.o(.data)
    USBD_CDC_DeviceQualifierDesc             0x20000074   Data          10  usbd_cdc.o(.data)
    .data                                    0x2000014c   Section       56  usbd_cdc.o(.data)
    .data                                    0x20000184   Section        4  stdout.o(.data)
    .data                                    0x20000188   Section        4  mvars.o(.data)
    .data                                    0x2000018c   Section        4  mvars.o(.data)
    .data                                    0x20000190   Section        4  errno.o(.data)
    _errno                                   0x20000190   Data           4  errno.o(.data)
    .bss                                     0x20000194   Section      416  main.o(.bss)
    .bss                                     0x20000334   Section       84  i2c.o(.bss)
    .bss                                     0x20000388   Section       64  usart.o(.bss)
    .bss                                     0x200003c8   Section      668  usb_device.o(.bss)
    .bss                                     0x20000664   Section     1032  usbd_conf.o(.bss)
    .bss                                     0x20000a6c   Section      512  usbd_desc.o(.bss)
    .bss                                     0x20000c6c   Section     4096  usbd_cdc_if.o(.bss)
    HEAP                                     0x20001c70   Section     8192  startup_stm32f407xx.o(HEAP)
    STACK                                    0x20003c70   Section    16384  startup_stm32f407xx.o(STACK)

    Global Symbols

    Symbol Name                              Value     Ov Type        Size  Object(Section)

    BuildAttributes$$THM_ISAv4$E$P$D$K$B$S$7EM$VFPi3$EXTD16$VFPS$VFMA$PE$A:L22UL41UL21$X:L11$S22US41US21$IEEE1$IW$USESV6$~STKCKD$USESV7$~SHL$OTIME$ROPI$IEEEX$EBA8$MICROLIB$REQ8$PRES8$EABIv2 0x00000000   Number         0  anon$$obj.o ABSOLUTE
    __ARM_use_no_argv                        0x00000000   Number         0  main.o ABSOLUTE
    _printf_a                                0x00000000   Number         0  stubs.o ABSOLUTE
    _printf_c                                0x00000000   Number         0  stubs.o ABSOLUTE
    _printf_charcount                        0x00000000   Number         0  stubs.o ABSOLUTE
    _printf_d                                0x00000000   Number         0  stubs.o ABSOLUTE
    _printf_e                                0x00000000   Number         0  stubs.o ABSOLUTE
    _printf_f                                0x00000000   Number         0  stubs.o ABSOLUTE
    _printf_flags                            0x00000000   Number         0  stubs.o ABSOLUTE
    _printf_fp_dec                           0x00000000   Number         0  stubs.o ABSOLUTE
    _printf_fp_hex                           0x00000000   Number         0  stubs.o ABSOLUTE
    _printf_g                                0x00000000   Number         0  stubs.o ABSOLUTE
    _printf_i                                0x00000000   Number         0  stubs.o ABSOLUTE
    _printf_int_dec                          0x00000000   Number         0  stubs.o ABSOLUTE
    _printf_l                                0x00000000   Number         0  stubs.o ABSOLUTE
    _printf_lc                               0x00000000   Number         0  stubs.o ABSOLUTE
    _printf_ll                               0x00000000   Number         0  stubs.o ABSOLUTE
    _printf_lld                              0x00000000   Number         0  stubs.o ABSOLUTE
    _printf_lli                              0x00000000   Number         0  stubs.o ABSOLUTE
    _printf_llo                              0x00000000   Number         0  stubs.o ABSOLUTE
    _printf_llu                              0x00000000   Number         0  stubs.o ABSOLUTE
    _printf_llx                              0x00000000   Number         0  stubs.o ABSOLUTE
    _printf_longlong_dec                     0x00000000   Number         0  stubs.o ABSOLUTE
    _printf_longlong_hex                     0x00000000   Number         0  stubs.o ABSOLUTE
    _printf_longlong_oct                     0x00000000   Number         0  stubs.o ABSOLUTE
    _printf_ls                               0x00000000   Number         0  stubs.o ABSOLUTE
    _printf_mbtowc                           0x00000000   Number         0  stubs.o ABSOLUTE
    _printf_n                                0x00000000   Number         0  stubs.o ABSOLUTE
    _printf_o                                0x00000000   Number         0  stubs.o ABSOLUTE
    _printf_p                                0x00000000   Number         0  stubs.o ABSOLUTE
    _printf_percent                          0x00000000   Number         0  stubs.o ABSOLUTE
    _printf_pre_padding                      0x00000000   Number         0  stubs.o ABSOLUTE
    _printf_return_value                     0x00000000   Number         0  stubs.o ABSOLUTE
    _printf_s                                0x00000000   Number         0  stubs.o ABSOLUTE
    _printf_sizespec                         0x00000000   Number         0  stubs.o ABSOLUTE
    _printf_str                              0x00000000   Number         0  stubs.o ABSOLUTE
    _printf_truncate_signed                  0x00000000   Number         0  stubs.o ABSOLUTE
    _printf_truncate_unsigned                0x00000000   Number         0  stubs.o ABSOLUTE
    _printf_u                                0x00000000   Number         0  stubs.o ABSOLUTE
    _printf_wc                               0x00000000   Number         0  stubs.o ABSOLUTE
    _printf_wctomb                           0x00000000   Number         0  stubs.o ABSOLUTE
    _printf_widthprec                        0x00000000   Number         0  stubs.o ABSOLUTE
    _printf_x                                0x00000000   Number         0  stubs.o ABSOLUTE
    __cpp_initialize__aeabi_                  - Undefined Weak Reference
    __cxa_finalize                            - Undefined Weak Reference
    _clock_init                               - Undefined Weak Reference
    _microlib_exit                            - Undefined Weak Reference
    __Vectors_Size                           0x00000188   Number         0  startup_stm32f407xx.o ABSOLUTE
    __Vectors                                0x08000000   Data           4  startup_stm32f407xx.o(RESET)
    __Vectors_End                            0x08000188   Data           0  startup_stm32f407xx.o(RESET)
    __main                                   0x08000189   Thumb Code     0  entry.o(.ARM.Collect$$$$00000000)
    _main_stk                                0x08000189   Thumb Code     0  entry2.o(.ARM.Collect$$$$00000001)
    _main_scatterload                        0x0800018d   Thumb Code     0  entry5.o(.ARM.Collect$$$$00000004)
    __main_after_scatterload                 0x08000191   Thumb Code     0  entry5.o(.ARM.Collect$$$$00000004)
    _main_clock                              0x08000191   Thumb Code     0  entry7b.o(.ARM.Collect$$$$00000008)
    _main_cpp_init                           0x08000191   Thumb Code     0  entry8b.o(.ARM.Collect$$$$0000000A)
    _main_init                               0x08000191   Thumb Code     0  entry9a.o(.ARM.Collect$$$$0000000B)
    __rt_final_cpp                           0x08000199   Thumb Code     0  entry10a.o(.ARM.Collect$$$$0000000D)
    __rt_final_exit                          0x08000199   Thumb Code     0  entry11a.o(.ARM.Collect$$$$0000000F)
    Reset_Handler                            0x0800019d   Thumb Code     8  startup_stm32f407xx.o(.text)
    ADC_IRQHandler                           0x080001b7   Thumb Code     0  startup_stm32f407xx.o(.text)
    CAN1_RX0_IRQHandler                      0x080001b7   Thumb Code     0  startup_stm32f407xx.o(.text)
    CAN1_RX1_IRQHandler                      0x080001b7   Thumb Code     0  startup_stm32f407xx.o(.text)
    CAN1_SCE_IRQHandler                      0x080001b7   Thumb Code     0  startup_stm32f407xx.o(.text)
    CAN1_TX_IRQHandler                       0x080001b7   Thumb Code     0  startup_stm32f407xx.o(.text)
    CAN2_RX0_IRQHandler                      0x080001b7   Thumb Code     0  startup_stm32f407xx.o(.text)
    CAN2_RX1_IRQHandler                      0x080001b7   Thumb Code     0  startup_stm32f407xx.o(.text)
    CAN2_SCE_IRQHandler                      0x080001b7   Thumb Code     0  startup_stm32f407xx.o(.text)
    CAN2_TX_IRQHandler                       0x080001b7   Thumb Code     0  startup_stm32f407xx.o(.text)
    DCMI_IRQHandler                          0x080001b7   Thumb Code     0  startup_stm32f407xx.o(.text)
    DMA1_Stream0_IRQHandler                  0x080001b7   Thumb Code     0  startup_stm32f407xx.o(.text)
    DMA1_Stream1_IRQHandler                  0x080001b7   Thumb Code     0  startup_stm32f407xx.o(.text)
    DMA1_Stream2_IRQHandler                  0x080001b7   Thumb Code     0  startup_stm32f407xx.o(.text)
    DMA1_Stream3_IRQHandler                  0x080001b7   Thumb Code     0  startup_stm32f407xx.o(.text)
    DMA1_Stream4_IRQHandler                  0x080001b7   Thumb Code     0  startup_stm32f407xx.o(.text)
    DMA1_Stream5_IRQHandler                  0x080001b7   Thumb Code     0  startup_stm32f407xx.o(.text)
    DMA1_Stream6_IRQHandler                  0x080001b7   Thumb Code     0  startup_stm32f407xx.o(.text)
    DMA1_Stream7_IRQHandler                  0x080001b7   Thumb Code     0  startup_stm32f407xx.o(.text)
    DMA2_Stream0_IRQHandler                  0x080001b7   Thumb Code     0  startup_stm32f407xx.o(.text)
    DMA2_Stream1_IRQHandler                  0x080001b7   Thumb Code     0  startup_stm32f407xx.o(.text)
    DMA2_Stream2_IRQHandler                  0x080001b7   Thumb Code     0  startup_stm32f407xx.o(.text)
    DMA2_Stream3_IRQHandler                  0x080001b7   Thumb Code     0  startup_stm32f407xx.o(.text)
    DMA2_Stream4_IRQHandler                  0x080001b7   Thumb Code     0  startup_stm32f407xx.o(.text)
    DMA2_Stream5_IRQHandler                  0x080001b7   Thumb Code     0  startup_stm32f407xx.o(.text)
    DMA2_Stream6_IRQHandler                  0x080001b7   Thumb Code     0  startup_stm32f407xx.o(.text)
    DMA2_Stream7_IRQHandler                  0x080001b7   Thumb Code     0  startup_stm32f407xx.o(.text)
    ETH_IRQHandler                           0x080001b7   Thumb Code     0  startup_stm32f407xx.o(.text)
    ETH_WKUP_IRQHandler                      0x080001b7   Thumb Code     0  startup_stm32f407xx.o(.text)
    EXTI15_10_IRQHandler                     0x080001b7   Thumb Code     0  startup_stm32f407xx.o(.text)
    EXTI1_IRQHandler                         0x080001b7   Thumb Code     0  startup_stm32f407xx.o(.text)
    EXTI2_IRQHandler                         0x080001b7   Thumb Code     0  startup_stm32f407xx.o(.text)
    EXTI3_IRQHandler                         0x080001b7   Thumb Code     0  startup_stm32f407xx.o(.text)
    EXTI4_IRQHandler                         0x080001b7   Thumb Code     0  startup_stm32f407xx.o(.text)
    EXTI9_5_IRQHandler                       0x080001b7   Thumb Code     0  startup_stm32f407xx.o(.text)
    FLASH_IRQHandler                         0x080001b7   Thumb Code     0  startup_stm32f407xx.o(.text)
    FMC_IRQHandler                           0x080001b7   Thumb Code     0  startup_stm32f407xx.o(.text)
    FPU_IRQHandler                           0x080001b7   Thumb Code     0  startup_stm32f407xx.o(.text)
    HASH_RNG_IRQHandler                      0x080001b7   Thumb Code     0  startup_stm32f407xx.o(.text)
    I2C1_ER_IRQHandler                       0x080001b7   Thumb Code     0  startup_stm32f407xx.o(.text)
    I2C1_EV_IRQHandler                       0x080001b7   Thumb Code     0  startup_stm32f407xx.o(.text)
    I2C2_ER_IRQHandler                       0x080001b7   Thumb Code     0  startup_stm32f407xx.o(.text)
    I2C2_EV_IRQHandler                       0x080001b7   Thumb Code     0  startup_stm32f407xx.o(.text)
    I2C3_ER_IRQHandler                       0x080001b7   Thumb Code     0  startup_stm32f407xx.o(.text)
    I2C3_EV_IRQHandler                       0x080001b7   Thumb Code     0  startup_stm32f407xx.o(.text)
    OTG_FS_WKUP_IRQHandler                   0x080001b7   Thumb Code     0  startup_stm32f407xx.o(.text)
    OTG_HS_EP1_IN_IRQHandler                 0x080001b7   Thumb Code     0  startup_stm32f407xx.o(.text)
    OTG_HS_EP1_OUT_IRQHandler                0x080001b7   Thumb Code     0  startup_stm32f407xx.o(.text)
    OTG_HS_IRQHandler                        0x080001b7   Thumb Code     0  startup_stm32f407xx.o(.text)
    OTG_HS_WKUP_IRQHandler                   0x080001b7   Thumb Code     0  startup_stm32f407xx.o(.text)
    PVD_IRQHandler                           0x080001b7   Thumb Code     0  startup_stm32f407xx.o(.text)
    RCC_IRQHandler                           0x080001b7   Thumb Code     0  startup_stm32f407xx.o(.text)
    RTC_Alarm_IRQHandler                     0x080001b7   Thumb Code     0  startup_stm32f407xx.o(.text)
    RTC_WKUP_IRQHandler                      0x080001b7   Thumb Code     0  startup_stm32f407xx.o(.text)
    SDIO_IRQHandler                          0x080001b7   Thumb Code     0  startup_stm32f407xx.o(.text)
    SPI1_IRQHandler                          0x080001b7   Thumb Code     0  startup_stm32f407xx.o(.text)
    SPI2_IRQHandler                          0x080001b7   Thumb Code     0  startup_stm32f407xx.o(.text)
    SPI3_IRQHandler                          0x080001b7   Thumb Code     0  startup_stm32f407xx.o(.text)
    TAMP_STAMP_IRQHandler                    0x080001b7   Thumb Code     0  startup_stm32f407xx.o(.text)
    TIM1_BRK_TIM9_IRQHandler                 0x080001b7   Thumb Code     0  startup_stm32f407xx.o(.text)
    TIM1_CC_IRQHandler                       0x080001b7   Thumb Code     0  startup_stm32f407xx.o(.text)
    TIM1_TRG_COM_TIM11_IRQHandler            0x080001b7   Thumb Code     0  startup_stm32f407xx.o(.text)
    TIM1_UP_TIM10_IRQHandler                 0x080001b7   Thumb Code     0  startup_stm32f407xx.o(.text)
    TIM2_IRQHandler                          0x080001b7   Thumb Code     0  startup_stm32f407xx.o(.text)
    TIM3_IRQHandler                          0x080001b7   Thumb Code     0  startup_stm32f407xx.o(.text)
    TIM4_IRQHandler                          0x080001b7   Thumb Code     0  startup_stm32f407xx.o(.text)
    TIM5_IRQHandler                          0x080001b7   Thumb Code     0  startup_stm32f407xx.o(.text)
    TIM6_DAC_IRQHandler                      0x080001b7   Thumb Code     0  startup_stm32f407xx.o(.text)
    TIM7_IRQHandler                          0x080001b7   Thumb Code     0  startup_stm32f407xx.o(.text)
    TIM8_BRK_TIM12_IRQHandler                0x080001b7   Thumb Code     0  startup_stm32f407xx.o(.text)
    TIM8_CC_IRQHandler                       0x080001b7   Thumb Code     0  startup_stm32f407xx.o(.text)
    TIM8_TRG_COM_TIM14_IRQHandler            0x080001b7   Thumb Code     0  startup_stm32f407xx.o(.text)
    TIM8_UP_TIM13_IRQHandler                 0x080001b7   Thumb Code     0  startup_stm32f407xx.o(.text)
    UART4_IRQHandler                         0x080001b7   Thumb Code     0  startup_stm32f407xx.o(.text)
    UART5_IRQHandler                         0x080001b7   Thumb Code     0  startup_stm32f407xx.o(.text)
    USART1_IRQHandler                        0x080001b7   Thumb Code     0  startup_stm32f407xx.o(.text)
    USART2_IRQHandler                        0x080001b7   Thumb Code     0  startup_stm32f407xx.o(.text)
    USART3_IRQHandler                        0x080001b7   Thumb Code     0  startup_stm32f407xx.o(.text)
    USART6_IRQHandler                        0x080001b7   Thumb Code     0  startup_stm32f407xx.o(.text)
    WWDG_IRQHandler                          0x080001b7   Thumb Code     0  startup_stm32f407xx.o(.text)
    __aeabi_uldivmod                         0x080001c1   Thumb Code    98  uldiv.o(.text)
    __aeabi_memcpy                           0x08000223   Thumb Code    36  memcpya.o(.text)
    __aeabi_memcpy4                          0x08000223   Thumb Code     0  memcpya.o(.text)
    __aeabi_memcpy8                          0x08000223   Thumb Code     0  memcpya.o(.text)
    __aeabi_memset                           0x08000247   Thumb Code    14  memseta.o(.text)
    __aeabi_memset4                          0x08000247   Thumb Code     0  memseta.o(.text)
    __aeabi_memset8                          0x08000247   Thumb Code     0  memseta.o(.text)
    __aeabi_memclr                           0x08000255   Thumb Code     4  memseta.o(.text)
    __aeabi_memclr4                          0x08000255   Thumb Code     0  memseta.o(.text)
    __aeabi_memclr8                          0x08000255   Thumb Code     0  memseta.o(.text)
    _memset$wrapper                          0x08000259   Thumb Code    18  memseta.o(.text)
    strlen                                   0x0800026b   Thumb Code    14  strlen.o(.text)
    __aeabi_dadd                             0x08000279   Thumb Code   322  dadd.o(.text)
    __aeabi_dsub                             0x080003bb   Thumb Code     6  dadd.o(.text)
    __aeabi_drsub                            0x080003c1   Thumb Code     6  dadd.o(.text)
    __aeabi_dmul                             0x080003c7   Thumb Code   228  dmul.o(.text)
    __aeabi_ddiv                             0x080004ab   Thumb Code   222  ddiv.o(.text)
    __aeabi_ui2d                             0x08000589   Thumb Code    26  dfltui.o(.text)
    __aeabi_f2d                              0x080005a3   Thumb Code    38  f2d.o(.text)
    __aeabi_d2f                              0x080005c9   Thumb Code    56  d2f.o(.text)
    __aeabi_uidiv                            0x08000601   Thumb Code     0  uidiv.o(.text)
    __aeabi_uidivmod                         0x08000601   Thumb Code    44  uidiv.o(.text)
    __aeabi_llsl                             0x0800062d   Thumb Code    30  llshl.o(.text)
    _ll_shift_l                              0x0800062d   Thumb Code     0  llshl.o(.text)
    __aeabi_llsr                             0x0800064b   Thumb Code    32  llushr.o(.text)
    _ll_ushift_r                             0x0800064b   Thumb Code     0  llushr.o(.text)
    __aeabi_lasr                             0x0800066b   Thumb Code    36  llsshr.o(.text)
    _ll_sshift_r                             0x0800066b   Thumb Code     0  llsshr.o(.text)
    __I$use$fp                               0x0800068f   Thumb Code     0  iusefp.o(.text)
    _float_round                             0x0800068f   Thumb Code    18  fepilogue.o(.text)
    _float_epilogue                          0x080006a1   Thumb Code    92  fepilogue.o(.text)
    _double_round                            0x080006fd   Thumb Code    30  depilogue.o(.text)
    _double_epilogue                         0x0800071b   Thumb Code   156  depilogue.o(.text)
    __ARM_scalbn                             0x080007b7   Thumb Code    46  dscalb.o(.text)
    scalbn                                   0x080007b7   Thumb Code     0  dscalb.o(.text)
    _dsqrt                                   0x080007e5   Thumb Code   162  dsqrt.o(.text)
    __aeabi_i2d                              0x08000887   Thumb Code    34  dflti.o(.text)
    __aeabi_d2ulz                            0x080008a9   Thumb Code    48  dfixul.o(.text)
    __aeabi_cdrcmple                         0x080008d9   Thumb Code    48  cdrcmple.o(.text)
    __scatterload                            0x08000909   Thumb Code    28  init.o(.text)
    __scatterload_rt2                        0x08000909   Thumb Code     0  init.o(.text)
    __decompress                             0x0800092d   Thumb Code     0  __dczerorl2.o(.text)
    __decompress1                            0x0800092d   Thumb Code    86  __dczerorl2.o(.text)
    BusFault_Handler                         0x08000983   Thumb Code     2  stm32f4xx_it.o(i.BusFault_Handler)
    CDC_Transmit_FS                          0x080009c9   Thumb Code    52  usbd_cdc_if.o(i.CDC_Transmit_FS)
    DebugMon_Handler                         0x08000a05   Thumb Code     2  stm32f4xx_it.o(i.DebugMon_Handler)
    EXTI0_IRQHandler                         0x08000a09   Thumb Code    78  stm32f4xx_it.o(i.EXTI0_IRQHandler)
    Error_Handler                            0x08000a5d   Thumb Code     2  main.o(i.Error_Handler)
    HAL_Delay                                0x08000a61   Thumb Code    32  stm32f4xx_hal.o(i.HAL_Delay)
    HAL_GPIO_EXTI_Callback                   0x08000a85   Thumb Code     2  stm32f4xx_hal_gpio.o(i.HAL_GPIO_EXTI_Callback)
    HAL_GPIO_EXTI_IRQHandler                 0x08000a89   Thumb Code    18  stm32f4xx_hal_gpio.o(i.HAL_GPIO_EXTI_IRQHandler)
    HAL_GPIO_Init                            0x08000aa1   Thumb Code   388  stm32f4xx_hal_gpio.o(i.HAL_GPIO_Init)
    HAL_GetTick                              0x08000c51   Thumb Code     6  stm32f4xx_hal.o(i.HAL_GetTick)
    HAL_I2C_Init                             0x08000c5d   Thumb Code   356  stm32f4xx_hal_i2c.o(i.HAL_I2C_Init)
    HAL_I2C_Master_Receive                   0x08000dd1   Thumb Code   468  stm32f4xx_hal_i2c.o(i.HAL_I2C_Master_Receive)
    HAL_I2C_Master_Transmit                  0x08000fb1   Thumb Code   290  stm32f4xx_hal_i2c.o(i.HAL_I2C_Master_Transmit)
    HAL_I2C_MspInit                          0x080010dd   Thumb Code    92  i2c.o(i.HAL_I2C_MspInit)
    HAL_IncTick                              0x08001145   Thumb Code    12  stm32f4xx_hal.o(i.HAL_IncTick)
    HAL_Init                                 0x08001155   Thumb Code    48  stm32f4xx_hal.o(i.HAL_Init)
    HAL_InitTick                             0x08001189   Thumb Code    54  stm32f4xx_hal.o(i.HAL_InitTick)
    HAL_MspInit                              0x080011c9   Thumb Code    48  stm32f4xx_hal_msp.o(i.HAL_MspInit)
    HAL_NVIC_EnableIRQ                       0x080011fd   Thumb Code    26  stm32f4xx_hal_cortex.o(i.HAL_NVIC_EnableIRQ)
    HAL_NVIC_SetPriority                     0x08001219   Thumb Code    60  stm32f4xx_hal_cortex.o(i.HAL_NVIC_SetPriority)
    HAL_NVIC_SetPriorityGrouping             0x08001259   Thumb Code    26  stm32f4xx_hal_cortex.o(i.HAL_NVIC_SetPriorityGrouping)
    HAL_PCDEx_LPM_Callback                   0x0800127d   Thumb Code     2  stm32f4xx_hal_pcd_ex.o(i.HAL_PCDEx_LPM_Callback)
    HAL_PCDEx_SetRxFiFo                      0x0800127f   Thumb Code     8  stm32f4xx_hal_pcd_ex.o(i.HAL_PCDEx_SetRxFiFo)
    HAL_PCDEx_SetTxFiFo                      0x08001287   Thumb Code    68  stm32f4xx_hal_pcd_ex.o(i.HAL_PCDEx_SetTxFiFo)
    HAL_PCD_ConnectCallback                  0x080012cb   Thumb Code     8  usbd_conf.o(i.HAL_PCD_ConnectCallback)
    HAL_PCD_DataInStageCallback              0x080012d3   Thumb Code    18  usbd_conf.o(i.HAL_PCD_DataInStageCallback)
    HAL_PCD_DataOutStageCallback             0x080012e5   Thumb Code    20  usbd_conf.o(i.HAL_PCD_DataOutStageCallback)
    HAL_PCD_DisconnectCallback               0x080012f9   Thumb Code     8  usbd_conf.o(i.HAL_PCD_DisconnectCallback)
    HAL_PCD_EP_Close                         0x08001301   Thumb Code    76  stm32f4xx_hal_pcd.o(i.HAL_PCD_EP_Close)
    HAL_PCD_EP_ClrStall                      0x0800134d   Thumb Code    92  stm32f4xx_hal_pcd.o(i.HAL_PCD_EP_ClrStall)
    HAL_PCD_EP_GetRxCount                    0x080013a9   Thumb Code    18  stm32f4xx_hal_pcd.o(i.HAL_PCD_EP_GetRxCount)
    HAL_PCD_EP_Open                          0x080013bb   Thumb Code    96  stm32f4xx_hal_pcd.o(i.HAL_PCD_EP_Open)
    HAL_PCD_EP_Receive                       0x0800141b   Thumb Code    72  stm32f4xx_hal_pcd.o(i.HAL_PCD_EP_Receive)
    HAL_PCD_EP_SetStall                      0x08001463   Thumb Code   116  stm32f4xx_hal_pcd.o(i.HAL_PCD_EP_SetStall)
    HAL_PCD_EP_Transmit                      0x080014d7   Thumb Code    64  stm32f4xx_hal_pcd.o(i.HAL_PCD_EP_Transmit)
    HAL_PCD_IRQHandler                       0x08001519   Thumb Code  1114  stm32f4xx_hal_pcd.o(i.HAL_PCD_IRQHandler)
    HAL_PCD_ISOINIncompleteCallback          0x0800197d   Thumb Code     8  usbd_conf.o(i.HAL_PCD_ISOINIncompleteCallback)
    HAL_PCD_ISOOUTIncompleteCallback         0x08001985   Thumb Code     8  usbd_conf.o(i.HAL_PCD_ISOOUTIncompleteCallback)
    HAL_PCD_Init                             0x0800198d   Thumb Code   226  stm32f4xx_hal_pcd.o(i.HAL_PCD_Init)
    HAL_PCD_MspInit                          0x08001a71   Thumb Code   142  usbd_conf.o(i.HAL_PCD_MspInit)
    HAL_PCD_ResetCallback                    0x08001b09   Thumb Code    44  usbd_conf.o(i.HAL_PCD_ResetCallback)
    HAL_PCD_ResumeCallback                   0x08001b35   Thumb Code     8  usbd_conf.o(i.HAL_PCD_ResumeCallback)
    HAL_PCD_SOFCallback                      0x08001b3d   Thumb Code     8  usbd_conf.o(i.HAL_PCD_SOFCallback)
    HAL_PCD_SetAddress                       0x08001b45   Thumb Code    40  stm32f4xx_hal_pcd.o(i.HAL_PCD_SetAddress)
    HAL_PCD_SetupStageCallback               0x08001b6d   Thumb Code    14  usbd_conf.o(i.HAL_PCD_SetupStageCallback)
    HAL_PCD_Start                            0x08001b7b   Thumb Code    66  stm32f4xx_hal_pcd.o(i.HAL_PCD_Start)
    HAL_PCD_SuspendCallback                  0x08001bbd   Thumb Code    44  usbd_conf.o(i.HAL_PCD_SuspendCallback)
    HAL_RCC_ClockConfig                      0x08001bed   Thumb Code   286  stm32f4xx_hal_rcc.o(i.HAL_RCC_ClockConfig)
    HAL_RCC_GetHCLKFreq                      0x08001d1d   Thumb Code     6  stm32f4xx_hal_rcc.o(i.HAL_RCC_GetHCLKFreq)
    HAL_RCC_GetPCLK1Freq                     0x08001d29   Thumb Code    20  stm32f4xx_hal_rcc.o(i.HAL_RCC_GetPCLK1Freq)
    HAL_RCC_GetPCLK2Freq                     0x08001d49   Thumb Code    20  stm32f4xx_hal_rcc.o(i.HAL_RCC_GetPCLK2Freq)
    HAL_RCC_GetSysClockFreq                  0x08001d69   Thumb Code    88  stm32f4xx_hal_rcc.o(i.HAL_RCC_GetSysClockFreq)
    HAL_RCC_OscConfig                        0x08001dc9   Thumb Code   770  stm32f4xx_hal_rcc.o(i.HAL_RCC_OscConfig)
    HAL_SYSTICK_Config                       0x080020e5   Thumb Code    40  stm32f4xx_hal_cortex.o(i.HAL_SYSTICK_Config)
    HAL_UART_Init                            0x0800210d   Thumb Code    98  stm32f4xx_hal_uart.o(i.HAL_UART_Init)
    HAL_UART_MspInit                         0x08002171   Thumb Code    92  usart.o(i.HAL_UART_MspInit)
    HAL_UART_Transmit                        0x080021d9   Thumb Code   186  stm32f4xx_hal_uart.o(i.HAL_UART_Transmit)
    HardFault_Handler                        0x08002293   Thumb Code     2  stm32f4xx_it.o(i.HardFault_Handler)
    MPU6050_read                             0x08002655   Thumb Code    52  main.o(i.MPU6050_read)
    MPU6050_write                            0x0800268d   Thumb Code    58  main.o(i.MPU6050_write)
    MPU6050_write_reg                        0x080026cd   Thumb Code    14  main.o(i.MPU6050_write_reg)
    MX_GPIO_Init                             0x080026dd   Thumb Code   102  gpio.o(i.MX_GPIO_Init)
    MX_I2C1_Init                             0x08002751   Thumb Code    50  i2c.o(i.MX_I2C1_Init)
    MX_USART2_UART_Init                      0x08002791   Thumb Code    48  usart.o(i.MX_USART2_UART_Init)
    MX_USB_DEVICE_Init                       0x080027c9   Thumb Code    66  usb_device.o(i.MX_USB_DEVICE_Init)
    MemManage_Handler                        0x0800281d   Thumb Code     2  stm32f4xx_it.o(i.MemManage_Handler)
    NMI_Handler                              0x0800281f   Thumb Code     2  stm32f4xx_it.o(i.NMI_Handler)
    OTG_FS_IRQHandler                        0x08002821   Thumb Code     6  stm32f4xx_it.o(i.OTG_FS_IRQHandler)
    PendSV_Handler                           0x080029ab   Thumb Code     2  stm32f4xx_it.o(i.PendSV_Handler)
    SVC_Handler                              0x080029ad   Thumb Code     2  stm32f4xx_it.o(i.SVC_Handler)
    SysTick_Handler                          0x080029af   Thumb Code     4  stm32f4xx_it.o(i.SysTick_Handler)
    SystemClock_Config                       0x080029b5   Thumb Code   126  main.o(i.SystemClock_Config)
    SystemInit                               0x08002a3d   Thumb Code    66  system_stm32f4xx.o(i.SystemInit)
    UART_string                              0x08002da1   Thumb Code    40  main.o(i.UART_string)
    USBD_CDC_GetDeviceQualifierDescriptor    0x08002ea9   Thumb Code     8  usbd_cdc.o(i.USBD_CDC_GetDeviceQualifierDescriptor)
    USBD_CDC_ReceivePacket                   0x08002f6d   Thumb Code    40  usbd_cdc.o(i.USBD_CDC_ReceivePacket)
    USBD_CDC_RegisterInterface               0x08002f95   Thumb Code    16  usbd_cdc.o(i.USBD_CDC_RegisterInterface)
    USBD_CDC_SetRxBuffer                     0x08002fa5   Thumb Code    12  usbd_cdc.o(i.USBD_CDC_SetRxBuffer)
    USBD_CDC_SetTxBuffer                     0x08002fb1   Thumb Code    16  usbd_cdc.o(i.USBD_CDC_SetTxBuffer)
    USBD_CDC_TransmitPacket                  0x0800306d   Thumb Code    54  usbd_cdc.o(i.USBD_CDC_TransmitPacket)
    USBD_ClrClassConfig                      0x080030a3   Thumb Code    14  usbd_core.o(i.USBD_ClrClassConfig)
    USBD_CtlContinueRx                       0x080030b1   Thumb Code    16  usbd_ioreq.o(i.USBD_CtlContinueRx)
    USBD_CtlContinueSendData                 0x080030c1   Thumb Code    16  usbd_ioreq.o(i.USBD_CtlContinueSendData)
    USBD_CtlError                            0x080030d1   Thumb Code    22  usbd_ctlreq.o(i.USBD_CtlError)
    USBD_CtlPrepareRx                        0x080030e7   Thumb Code    30  usbd_ioreq.o(i.USBD_CtlPrepareRx)
    USBD_CtlReceiveStatus                    0x08003105   Thumb Code    22  usbd_ioreq.o(i.USBD_CtlReceiveStatus)
    USBD_CtlSendData                         0x0800311b   Thumb Code    26  usbd_ioreq.o(i.USBD_CtlSendData)
    USBD_CtlSendStatus                       0x08003135   Thumb Code    22  usbd_ioreq.o(i.USBD_CtlSendStatus)
    USBD_FS_ConfigStrDescriptor              0x0800314d   Thumb Code    16  usbd_desc.o(i.USBD_FS_ConfigStrDescriptor)
    USBD_FS_DeviceDescriptor                 0x0800316d   Thumb Code     8  usbd_desc.o(i.USBD_FS_DeviceDescriptor)
    USBD_FS_InterfaceStrDescriptor           0x08003179   Thumb Code    16  usbd_desc.o(i.USBD_FS_InterfaceStrDescriptor)
    USBD_FS_LangIDStrDescriptor              0x0800319d   Thumb Code     8  usbd_desc.o(i.USBD_FS_LangIDStrDescriptor)
    USBD_FS_ManufacturerStrDescriptor        0x080031a9   Thumb Code    16  usbd_desc.o(i.USBD_FS_ManufacturerStrDescriptor)
    USBD_FS_ProductStrDescriptor             0x080031d1   Thumb Code    16  usbd_desc.o(i.USBD_FS_ProductStrDescriptor)
    USBD_FS_SerialStrDescriptor              0x080031fd   Thumb Code    48  usbd_desc.o(i.USBD_FS_SerialStrDescriptor)
    USBD_GetString                           0x0800331d   Thumb Code    72  usbd_ctlreq.o(i.USBD_GetString)
    USBD_Get_USB_Status                      0x08003365   Thumb Code    24  usbd_conf.o(i.USBD_Get_USB_Status)
    USBD_Init                                0x0800337d   Thumb Code    42  usbd_core.o(i.USBD_Init)
    USBD_LL_ClearStallEP                     0x080033a7   Thumb Code    18  usbd_conf.o(i.USBD_LL_ClearStallEP)
    USBD_LL_CloseEP                          0x080033b9   Thumb Code    18  usbd_conf.o(i.USBD_LL_CloseEP)
    USBD_LL_DataInStage                      0x080033cb   Thumb Code   198  usbd_core.o(i.USBD_LL_DataInStage)
    USBD_LL_DataOutStage                     0x08003491   Thumb Code   130  usbd_core.o(i.USBD_LL_DataOutStage)
    USBD_LL_DevConnected                     0x08003513   Thumb Code     4  usbd_core.o(i.USBD_LL_DevConnected)
    USBD_LL_DevDisconnected                  0x08003517   Thumb Code    22  usbd_core.o(i.USBD_LL_DevDisconnected)
    USBD_LL_GetRxDataSize                    0x0800352d   Thumb Code     8  usbd_conf.o(i.USBD_LL_GetRxDataSize)
    USBD_LL_Init                             0x08003535   Thumb Code    92  usbd_conf.o(i.USBD_LL_Init)
    USBD_LL_IsStallEP                        0x08003595   Thumb Code    32  usbd_conf.o(i.USBD_LL_IsStallEP)
    USBD_LL_IsoINIncomplete                  0x080035b5   Thumb Code     4  usbd_core.o(i.USBD_LL_IsoINIncomplete)
    USBD_LL_IsoOUTIncomplete                 0x080035b9   Thumb Code     4  usbd_core.o(i.USBD_LL_IsoOUTIncomplete)
    USBD_LL_OpenEP                           0x080035bd   Thumb Code    24  usbd_conf.o(i.USBD_LL_OpenEP)
    USBD_LL_PrepareReceive                   0x080035d5   Thumb Code    18  usbd_conf.o(i.USBD_LL_PrepareReceive)
    USBD_LL_Reset                            0x080035e7   Thumb Code    80  usbd_core.o(i.USBD_LL_Reset)
    USBD_LL_Resume                           0x08003637   Thumb Code    12  usbd_core.o(i.USBD_LL_Resume)
    USBD_LL_SOF                              0x08003643   Thumb Code    24  usbd_core.o(i.USBD_LL_SOF)
    USBD_LL_SetSpeed                         0x0800365b   Thumb Code     6  usbd_core.o(i.USBD_LL_SetSpeed)
    USBD_LL_SetUSBAddress                    0x08003661   Thumb Code    18  usbd_conf.o(i.USBD_LL_SetUSBAddress)
    USBD_LL_SetupStage                       0x08003673   Thumb Code    90  usbd_core.o(i.USBD_LL_SetupStage)
    USBD_LL_StallEP                          0x080036cd   Thumb Code    18  usbd_conf.o(i.USBD_LL_StallEP)
    USBD_LL_Start                            0x080036df   Thumb Code    18  usbd_conf.o(i.USBD_LL_Start)
    USBD_LL_Suspend                          0x080036f1   Thumb Code    18  usbd_core.o(i.USBD_LL_Suspend)
    USBD_LL_Transmit                         0x08003703   Thumb Code    18  usbd_conf.o(i.USBD_LL_Transmit)
    USBD_ParseSetupRequest                   0x08003715   Thumb Code    40  usbd_ctlreq.o(i.USBD_ParseSetupRequest)
    USBD_RegisterClass                       0x0800373d   Thumb Code    16  usbd_core.o(i.USBD_RegisterClass)
    USBD_SetClassConfig                      0x0800374d   Thumb Code    22  usbd_core.o(i.USBD_SetClassConfig)
    USBD_Start                               0x080037e9   Thumb Code    10  usbd_core.o(i.USBD_Start)
    USBD_StdDevReq                           0x080037f3   Thumb Code   274  usbd_ctlreq.o(i.USBD_StdDevReq)
    USBD_StdEPReq                            0x08003905   Thumb Code   336  usbd_ctlreq.o(i.USBD_StdEPReq)
    USBD_StdItfReq                           0x08003a55   Thumb Code    78  usbd_ctlreq.o(i.USBD_StdItfReq)
    USB_ActivateEndpoint                     0x08003aa5   Thumb Code   122  stm32f4xx_ll_usb.o(i.USB_ActivateEndpoint)
    USB_ActivateSetup                        0x08003b25   Thumb Code    52  stm32f4xx_ll_usb.o(i.USB_ActivateSetup)
    USB_CoreInit                             0x08003b59   Thumb Code   112  stm32f4xx_ll_usb.o(i.USB_CoreInit)
    USB_DeactivateEndpoint                   0x08003c05   Thumb Code   118  stm32f4xx_ll_usb.o(i.USB_DeactivateEndpoint)
    USB_DevConnect                           0x08003c85   Thumb Code    24  stm32f4xx_ll_usb.o(i.USB_DevConnect)
    USB_DevDisconnect                        0x08003c9d   Thumb Code    24  stm32f4xx_ll_usb.o(i.USB_DevDisconnect)
    USB_DevInit                              0x08003cb5   Thumb Code   378  stm32f4xx_ll_usb.o(i.USB_DevInit)
    USB_DisableGlobalInt                     0x08003e41   Thumb Code    12  stm32f4xx_ll_usb.o(i.USB_DisableGlobalInt)
    USB_EP0StartXfer                         0x08003e4d   Thumb Code   276  stm32f4xx_ll_usb.o(i.USB_EP0StartXfer)
    USB_EP0_OutStart                         0x08003f65   Thumb Code    84  stm32f4xx_ll_usb.o(i.USB_EP0_OutStart)
    USB_EPClearStall                         0x08003fbd   Thumb Code    88  stm32f4xx_ll_usb.o(i.USB_EPClearStall)
    USB_EPSetStall                           0x08004015   Thumb Code    88  stm32f4xx_ll_usb.o(i.USB_EPSetStall)
    USB_EPStartXfer                          0x0800406d   Thumb Code   482  stm32f4xx_ll_usb.o(i.USB_EPStartXfer)
    USB_EnableGlobalInt                      0x08004255   Thumb Code    12  stm32f4xx_ll_usb.o(i.USB_EnableGlobalInt)
    USB_FlushRxFifo                          0x08004261   Thumb Code    28  stm32f4xx_ll_usb.o(i.USB_FlushRxFifo)
    USB_FlushTxFifo                          0x08004281   Thumb Code    32  stm32f4xx_ll_usb.o(i.USB_FlushTxFifo)
    USB_GetDevSpeed                          0x080042a5   Thumb Code    26  stm32f4xx_ll_usb.o(i.USB_GetDevSpeed)
    USB_GetMode                              0x080042bf   Thumb Code     8  stm32f4xx_ll_usb.o(i.USB_GetMode)
    USB_ReadDevAllInEpInterrupt              0x080042c7   Thumb Code    14  stm32f4xx_ll_usb.o(i.USB_ReadDevAllInEpInterrupt)
    USB_ReadDevAllOutEpInterrupt             0x080042d5   Thumb Code    14  stm32f4xx_ll_usb.o(i.USB_ReadDevAllOutEpInterrupt)
    USB_ReadDevInEPInterrupt                 0x080042e3   Thumb Code    36  stm32f4xx_ll_usb.o(i.USB_ReadDevInEPInterrupt)
    USB_ReadDevOutEPInterrupt                0x08004307   Thumb Code    16  stm32f4xx_ll_usb.o(i.USB_ReadDevOutEPInterrupt)
    USB_ReadInterrupts                       0x08004317   Thumb Code     8  stm32f4xx_ll_usb.o(i.USB_ReadInterrupts)
    USB_ReadPacket                           0x0800431f   Thumb Code    28  stm32f4xx_ll_usb.o(i.USB_ReadPacket)
    USB_SetCurrentMode                       0x0800433b   Thumb Code    46  stm32f4xx_ll_usb.o(i.USB_SetCurrentMode)
    USB_SetDevAddress                        0x08004369   Thumb Code    34  stm32f4xx_ll_usb.o(i.USB_SetDevAddress)
    USB_SetTurnaroundTime                    0x0800438d   Thumb Code   158  stm32f4xx_ll_usb.o(i.USB_SetTurnaroundTime)
    USB_WritePacket                          0x08004475   Thumb Code    36  stm32f4xx_ll_usb.o(i.USB_WritePacket)
    UsageFault_Handler                       0x08004499   Thumb Code     2  stm32f4xx_it.o(i.UsageFault_Handler)
    __0printf                                0x0800449d   Thumb Code    22  printfa.o(i.__0printf)
    __1printf                                0x0800449d   Thumb Code     0  printfa.o(i.__0printf)
    __2printf                                0x0800449d   Thumb Code     0  printfa.o(i.__0printf)
    __c89printf                              0x0800449d   Thumb Code     0  printfa.o(i.__0printf)
    printf                                   0x0800449d   Thumb Code     0  printfa.o(i.__0printf)
    __ARM_fpclassify                         0x080044bd   Thumb Code    48  fpclassify.o(i.__ARM_fpclassify)
    __hardfp_atan                            0x08004511   Thumb Code   622  atan.o(i.__hardfp_atan)
    __hardfp_pow                             0x080047e9   Thumb Code  3072  pow.o(i.__hardfp_pow)
    __hardfp_sqrt                            0x08005439   Thumb Code   122  sqrt.o(i.__hardfp_sqrt)
    __kernel_poly                            0x080054b3   Thumb Code   248  poly.o(i.__kernel_poly)
    __mathlib_dbl_divzero                    0x080055b1   Thumb Code    28  dunder.o(i.__mathlib_dbl_divzero)
    __mathlib_dbl_infnan                     0x080055e1   Thumb Code    20  dunder.o(i.__mathlib_dbl_infnan)
    __mathlib_dbl_infnan2                    0x080055f5   Thumb Code    20  dunder.o(i.__mathlib_dbl_infnan2)
    __mathlib_dbl_invalid                    0x08005609   Thumb Code    24  dunder.o(i.__mathlib_dbl_invalid)
    __mathlib_dbl_overflow                   0x08005629   Thumb Code    24  dunder.o(i.__mathlib_dbl_overflow)
    __mathlib_dbl_underflow                  0x08005649   Thumb Code    24  dunder.o(i.__mathlib_dbl_underflow)
    __scatterload_copy                       0x08005669   Thumb Code    14  handlers.o(i.__scatterload_copy)
    __scatterload_null                       0x08005677   Thumb Code     2  handlers.o(i.__scatterload_null)
    __scatterload_zeroinit                   0x08005679   Thumb Code    14  handlers.o(i.__scatterload_zeroinit)
    __set_errno                              0x08005689   Thumb Code     6  errno.o(i.__set_errno)
    calibrate_sensors                        0x08005f49   Thumb Code   328  main.o(i.calibrate_sensors)
    fabs                                     0x080060d1   Thumb Code    24  fabs.o(i.fabs)
    fputc                                    0x080060e9   Thumb Code    18  main.o(i.fputc)
    free                                     0x080060fd   Thumb Code    76  malloc.o(i.free)
    main                                     0x0800614d   Thumb Code  1002  main.o(i.main)
    malloc                                   0x080065d5   Thumb Code    92  malloc.o(i.malloc)
    read_gyro_accel_vals                     0x08006641   Thumb Code    76  main.o(i.read_gyro_accel_vals)
    selectI2CChannels                        0x0800668d   Thumb Code    32  main.o(i.selectI2CChannels)
    set_last_read_angle_data                 0x080066b1   Thumb Code    80  main.o(i.set_last_read_angle_data)
    sqrt                                     0x08006705   Thumb Code   110  sqrt.o(i.sqrt)
    AHBPrescTable                            0x08006772   Data          16  system_stm32f4xx.o(.constdata)
    APBPrescTable                            0x08006782   Data           8  system_stm32f4xx.o(.constdata)
    __mathlib_zero                           0x080068b0   Data           8  qnan.o(.constdata)
    Region$$Table$$Base                      0x080068b8   Number         0  anon$$obj.o(Region$$Table)
    Region$$Table$$Limit                     0x080068d8   Number         0  anon$$obj.o(Region$$Table)
    FS_Desc                                  0x20000000   Data          28  usbd_desc.o(.data)
    USBD_LangIDDesc                          0x2000001c   Data           4  usbd_desc.o(.data)
    USBD_FS_DeviceDesc                       0x20000020   Data          18  usbd_desc.o(.data)
    USBD_StringSerial                        0x20000034   Data          26  usbd_desc.o(.data)
    USBD_Interface_fops_FS                   0x20000050   Data          16  usbd_cdc_if.o(.data)
    uwTickFreq                               0x20000060   Data           1  stm32f4xx_hal.o(.data)
    uwTickPrio                               0x20000064   Data           4  stm32f4xx_hal.o(.data)
    uwTick                                   0x20000068   Data           4  stm32f4xx_hal.o(.data)
    SystemCoreClock                          0x2000006c   Data           4  system_stm32f4xx.o(.data)
    USBD_CDC_CfgHSDesc                       0x20000080   Data          67  usbd_cdc.o(.data)
    USBD_CDC_CfgFSDesc                       0x200000c4   Data          67  usbd_cdc.o(.data)
    USBD_CDC_OtherSpeedCfgDesc               0x20000108   Data          67  usbd_cdc.o(.data)
    USBD_CDC                                 0x2000014c   Data          56  usbd_cdc.o(.data)
    __stdout                                 0x20000184   Data           4  stdout.o(.data)
    __microlib_freelist                      0x20000188   Data           4  mvars.o(.data)
    __microlib_freelist_initialised          0x2000018c   Data           4  mvars.o(.data)
    last_read_time                           0x20000194   Data          32  main.o(.bss)
    last_x_angle                             0x200001b4   Data          32  main.o(.bss)
    last_y_angle                             0x200001d4   Data          32  main.o(.bss)
    last_z_angle                             0x200001f4   Data          32  main.o(.bss)
    last_gyro_x_angle                        0x20000214   Data          32  main.o(.bss)
    last_gyro_y_angle                        0x20000234   Data          32  main.o(.bss)
    last_gyro_z_angle                        0x20000254   Data          32  main.o(.bss)
    base_x_accel                             0x20000274   Data          32  main.o(.bss)
    base_y_accel                             0x20000294   Data          32  main.o(.bss)
    base_z_accel                             0x200002b4   Data          32  main.o(.bss)
    base_x_gyro                              0x200002d4   Data          32  main.o(.bss)
    base_y_gyro                              0x200002f4   Data          32  main.o(.bss)
    base_z_gyro                              0x20000314   Data          32  main.o(.bss)
    hi2c1                                    0x20000334   Data          84  i2c.o(.bss)
    huart2                                   0x20000388   Data          64  usart.o(.bss)
    hUsbDeviceFS                             0x200003c8   Data         668  usb_device.o(.bss)
    hpcd_USB_OTG_FS                          0x20000664   Data        1032  usbd_conf.o(.bss)
    USBD_StrDesc                             0x20000a6c   Data         512  usbd_desc.o(.bss)
    UserRxBufferFS                           0x20000c6c   Data        2048  usbd_cdc_if.o(.bss)
    UserTxBufferFS                           0x2000146c   Data        2048  usbd_cdc_if.o(.bss)
    __heap_base                              0x20001c70   Data           0  startup_stm32f407xx.o(HEAP)
    __heap_limit                             0x20003c70   Data           0  startup_stm32f407xx.o(HEAP)
    __initial_sp                             0x20007c70   Data           0  startup_stm32f407xx.o(STACK)



==============================================================================

Memory Map of the image

  Image Entry point : 0x08000189

  Load Region LR_IROM1 (Base: 0x08000000, Size: 0x00006a6c, Max: 0x00100000, ABSOLUTE, COMPRESSED[0x00006998])

    Execution Region ER_IROM1 (Exec base: 0x08000000, Load base: 0x08000000, Size: 0x000068d8, Max: 0x00100000, ABSOLUTE)

    Exec Addr    Load Addr    Size         Type   Attr      Idx    E Section Name        Object

    0x08000000   0x08000000   0x00000188   Data   RO            3    RESET               startup_stm32f407xx.o
    0x08000188   0x08000188   0x00000000   Code   RO         3825  * .ARM.Collect$$$$00000000  mc_w.l(entry.o)
    0x08000188   0x08000188   0x00000004   Code   RO         4164    .ARM.Collect$$$$00000001  mc_w.l(entry2.o)
    0x0800018c   0x0800018c   0x00000004   Code   RO         4167    .ARM.Collect$$$$00000004  mc_w.l(entry5.o)
    0x08000190   0x08000190   0x00000000   Code   RO         4169    .ARM.Collect$$$$00000008  mc_w.l(entry7b.o)
    0x08000190   0x08000190   0x00000000   Code   RO         4171    .ARM.Collect$$$$0000000A  mc_w.l(entry8b.o)
    0x08000190   0x08000190   0x00000008   Code   RO         4172    .ARM.Collect$$$$0000000B  mc_w.l(entry9a.o)
    0x08000198   0x08000198   0x00000000   Code   RO         4174    .ARM.Collect$$$$0000000D  mc_w.l(entry10a.o)
    0x08000198   0x08000198   0x00000000   Code   RO         4176    .ARM.Collect$$$$0000000F  mc_w.l(entry11a.o)
    0x08000198   0x08000198   0x00000004   Code   RO         4165    .ARM.Collect$$$$00002712  mc_w.l(entry2.o)
    0x0800019c   0x0800019c   0x00000024   Code   RO            4    .text               startup_stm32f407xx.o
    0x080001c0   0x080001c0   0x00000062   Code   RO         3828    .text               mc_w.l(uldiv.o)
    0x08000222   0x08000222   0x00000024   Code   RO         3830    .text               mc_w.l(memcpya.o)
    0x08000246   0x08000246   0x00000024   Code   RO         3832    .text               mc_w.l(memseta.o)
    0x0800026a   0x0800026a   0x0000000e   Code   RO         3834    .text               mc_w.l(strlen.o)
    0x08000278   0x08000278   0x0000014e   Code   RO         4127    .text               mf_w.l(dadd.o)
    0x080003c6   0x080003c6   0x000000e4   Code   RO         4129    .text               mf_w.l(dmul.o)
    0x080004aa   0x080004aa   0x000000de   Code   RO         4131    .text               mf_w.l(ddiv.o)
    0x08000588   0x08000588   0x0000001a   Code   RO         4133    .text               mf_w.l(dfltui.o)
    0x080005a2   0x080005a2   0x00000026   Code   RO         4135    .text               mf_w.l(f2d.o)
    0x080005c8   0x080005c8   0x00000038   Code   RO         4137    .text               mf_w.l(d2f.o)
    0x08000600   0x08000600   0x0000002c   Code   RO         4179    .text               mc_w.l(uidiv.o)
    0x0800062c   0x0800062c   0x0000001e   Code   RO         4181    .text               mc_w.l(llshl.o)
    0x0800064a   0x0800064a   0x00000020   Code   RO         4183    .text               mc_w.l(llushr.o)
    0x0800066a   0x0800066a   0x00000024   Code   RO         4185    .text               mc_w.l(llsshr.o)
    0x0800068e   0x0800068e   0x00000000   Code   RO         4196    .text               mc_w.l(iusefp.o)
    0x0800068e   0x0800068e   0x0000006e   Code   RO         4197    .text               mf_w.l(fepilogue.o)
    0x080006fc   0x080006fc   0x000000ba   Code   RO         4199    .text               mf_w.l(depilogue.o)
    0x080007b6   0x080007b6   0x0000002e   Code   RO         4203    .text               mf_w.l(dscalb.o)
    0x080007e4   0x080007e4   0x000000a2   Code   RO         4205    .text               mf_w.l(dsqrt.o)
    0x08000886   0x08000886   0x00000022   Code   RO         4207    .text               mf_w.l(dflti.o)
    0x080008a8   0x080008a8   0x00000030   Code   RO         4209    .text               mf_w.l(dfixul.o)
    0x080008d8   0x080008d8   0x00000030   Code   RO         4213    .text               mf_w.l(cdrcmple.o)
    0x08000908   0x08000908   0x00000024   Code   RO         4215    .text               mc_w.l(init.o)
    0x0800092c   0x0800092c   0x00000056   Code   RO         4225    .text               mc_w.l(__dczerorl2.o)
    0x08000982   0x08000982   0x00000002   Code   RO          776    i.BusFault_Handler  stm32f4xx_it.o
    0x08000984   0x08000984   0x00000004   Code   RO          724    i.CDC_Control_FS    usbd_cdc_if.o
    0x08000988   0x08000988   0x00000004   Code   RO          725    i.CDC_DeInit_FS     usbd_cdc_if.o
    0x0800098c   0x0800098c   0x00000024   Code   RO          726    i.CDC_Init_FS       usbd_cdc_if.o
    0x080009b0   0x080009b0   0x00000018   Code   RO          727    i.CDC_Receive_FS    usbd_cdc_if.o
    0x080009c8   0x080009c8   0x0000003c   Code   RO          728    i.CDC_Transmit_FS   usbd_cdc_if.o
    0x08000a04   0x08000a04   0x00000002   Code   RO          777    i.DebugMon_Handler  stm32f4xx_it.o
    0x08000a06   0x08000a06   0x00000002   PAD
    0x08000a08   0x08000a08   0x00000054   Code   RO          778    i.EXTI0_IRQHandler  stm32f4xx_it.o
    0x08000a5c   0x08000a5c   0x00000002   Code   RO           13    i.Error_Handler     main.o
    0x08000a5e   0x08000a5e   0x00000002   PAD
    0x08000a60   0x08000a60   0x00000024   Code   RO         3133    i.HAL_Delay         stm32f4xx_hal.o
    0x08000a84   0x08000a84   0x00000002   Code   RO         2605    i.HAL_GPIO_EXTI_Callback  stm32f4xx_hal_gpio.o
    0x08000a86   0x08000a86   0x00000002   PAD
    0x08000a88   0x08000a88   0x00000018   Code   RO         2606    i.HAL_GPIO_EXTI_IRQHandler  stm32f4xx_hal_gpio.o
    0x08000aa0   0x08000aa0   0x000001b0   Code   RO         2607    i.HAL_GPIO_Init     stm32f4xx_hal_gpio.o
    0x08000c50   0x08000c50   0x0000000c   Code   RO         3139    i.HAL_GetTick       stm32f4xx_hal.o
    0x08000c5c   0x08000c5c   0x00000174   Code   RO         1461    i.HAL_I2C_Init      stm32f4xx_hal_i2c.o
    0x08000dd0   0x08000dd0   0x000001e0   Code   RO         1467    i.HAL_I2C_Master_Receive  stm32f4xx_hal_i2c.o
    0x08000fb0   0x08000fb0   0x0000012c   Code   RO         1474    i.HAL_I2C_Master_Transmit  stm32f4xx_hal_i2c.o
    0x080010dc   0x080010dc   0x00000068   Code   RO          329    i.HAL_I2C_MspInit   i2c.o
    0x08001144   0x08001144   0x00000010   Code   RO         3145    i.HAL_IncTick       stm32f4xx_hal.o
    0x08001154   0x08001154   0x00000034   Code   RO         3146    i.HAL_Init          stm32f4xx_hal.o
    0x08001188   0x08001188   0x00000040   Code   RO         3147    i.HAL_InitTick      stm32f4xx_hal.o
    0x080011c8   0x080011c8   0x00000034   Code   RO          864    i.HAL_MspInit       stm32f4xx_hal_msp.o
    0x080011fc   0x080011fc   0x0000001a   Code   RO         2996    i.HAL_NVIC_EnableIRQ  stm32f4xx_hal_cortex.o
    0x08001216   0x08001216   0x00000002   PAD
    0x08001218   0x08001218   0x00000040   Code   RO         3002    i.HAL_NVIC_SetPriority  stm32f4xx_hal_cortex.o
    0x08001258   0x08001258   0x00000024   Code   RO         3003    i.HAL_NVIC_SetPriorityGrouping  stm32f4xx_hal_cortex.o
    0x0800127c   0x0800127c   0x00000002   Code   RO         1109    i.HAL_PCDEx_LPM_Callback  stm32f4xx_hal_pcd_ex.o
    0x0800127e   0x0800127e   0x00000008   Code   RO         1110    i.HAL_PCDEx_SetRxFiFo  stm32f4xx_hal_pcd_ex.o
    0x08001286   0x08001286   0x00000044   Code   RO         1111    i.HAL_PCDEx_SetTxFiFo  stm32f4xx_hal_pcd_ex.o
    0x080012ca   0x080012ca   0x00000008   Code   RO          443    i.HAL_PCD_ConnectCallback  usbd_conf.o
    0x080012d2   0x080012d2   0x00000012   Code   RO          444    i.HAL_PCD_DataInStageCallback  usbd_conf.o
    0x080012e4   0x080012e4   0x00000014   Code   RO          445    i.HAL_PCD_DataOutStageCallback  usbd_conf.o
    0x080012f8   0x080012f8   0x00000008   Code   RO          446    i.HAL_PCD_DisconnectCallback  usbd_conf.o
    0x08001300   0x08001300   0x0000004c   Code   RO          897    i.HAL_PCD_EP_Close  stm32f4xx_hal_pcd.o
    0x0800134c   0x0800134c   0x0000005c   Code   RO          898    i.HAL_PCD_EP_ClrStall  stm32f4xx_hal_pcd.o
    0x080013a8   0x080013a8   0x00000012   Code   RO          900    i.HAL_PCD_EP_GetRxCount  stm32f4xx_hal_pcd.o
    0x080013ba   0x080013ba   0x00000060   Code   RO          901    i.HAL_PCD_EP_Open   stm32f4xx_hal_pcd.o
    0x0800141a   0x0800141a   0x00000048   Code   RO          902    i.HAL_PCD_EP_Receive  stm32f4xx_hal_pcd.o
    0x08001462   0x08001462   0x00000074   Code   RO          903    i.HAL_PCD_EP_SetStall  stm32f4xx_hal_pcd.o
    0x080014d6   0x080014d6   0x00000040   Code   RO          904    i.HAL_PCD_EP_Transmit  stm32f4xx_hal_pcd.o
    0x08001516   0x08001516   0x00000002   PAD
    0x08001518   0x08001518   0x00000464   Code   RO          906    i.HAL_PCD_IRQHandler  stm32f4xx_hal_pcd.o
    0x0800197c   0x0800197c   0x00000008   Code   RO          447    i.HAL_PCD_ISOINIncompleteCallback  usbd_conf.o
    0x08001984   0x08001984   0x00000008   Code   RO          448    i.HAL_PCD_ISOOUTIncompleteCallback  usbd_conf.o
    0x0800198c   0x0800198c   0x000000e2   Code   RO          909    i.HAL_PCD_Init      stm32f4xx_hal_pcd.o
    0x08001a6e   0x08001a6e   0x00000002   PAD
    0x08001a70   0x08001a70   0x00000098   Code   RO          450    i.HAL_PCD_MspInit   usbd_conf.o
    0x08001b08   0x08001b08   0x0000002c   Code   RO          451    i.HAL_PCD_ResetCallback  usbd_conf.o
    0x08001b34   0x08001b34   0x00000008   Code   RO          452    i.HAL_PCD_ResumeCallback  usbd_conf.o
    0x08001b3c   0x08001b3c   0x00000008   Code   RO          453    i.HAL_PCD_SOFCallback  usbd_conf.o
    0x08001b44   0x08001b44   0x00000028   Code   RO          915    i.HAL_PCD_SetAddress  stm32f4xx_hal_pcd.o
    0x08001b6c   0x08001b6c   0x0000000e   Code   RO          454    i.HAL_PCD_SetupStageCallback  usbd_conf.o
    0x08001b7a   0x08001b7a   0x00000042   Code   RO          917    i.HAL_PCD_Start     stm32f4xx_hal_pcd.o
    0x08001bbc   0x08001bbc   0x00000030   Code   RO          455    i.HAL_PCD_SuspendCallback  usbd_conf.o
    0x08001bec   0x08001bec   0x00000130   Code   RO         2253    i.HAL_RCC_ClockConfig  stm32f4xx_hal_rcc.o
    0x08001d1c   0x08001d1c   0x0000000c   Code   RO         2258    i.HAL_RCC_GetHCLKFreq  stm32f4xx_hal_rcc.o
    0x08001d28   0x08001d28   0x00000020   Code   RO         2260    i.HAL_RCC_GetPCLK1Freq  stm32f4xx_hal_rcc.o
    0x08001d48   0x08001d48   0x00000020   Code   RO         2261    i.HAL_RCC_GetPCLK2Freq  stm32f4xx_hal_rcc.o
    0x08001d68   0x08001d68   0x00000060   Code   RO         2262    i.HAL_RCC_GetSysClockFreq  stm32f4xx_hal_rcc.o
    0x08001dc8   0x08001dc8   0x0000031c   Code   RO         2265    i.HAL_RCC_OscConfig  stm32f4xx_hal_rcc.o
    0x080020e4   0x080020e4   0x00000028   Code   RO         3007    i.HAL_SYSTICK_Config  stm32f4xx_hal_cortex.o
    0x0800210c   0x0800210c   0x00000062   Code   RO         1951    i.HAL_UART_Init     stm32f4xx_hal_uart.o
    0x0800216e   0x0800216e   0x00000002   PAD
    0x08002170   0x08002170   0x00000068   Code   RO          371    i.HAL_UART_MspInit  usart.o
    0x080021d8   0x080021d8   0x000000ba   Code   RO         1959    i.HAL_UART_Transmit  stm32f4xx_hal_uart.o
    0x08002292   0x08002292   0x00000002   Code   RO          779    i.HardFault_Handler  stm32f4xx_it.o
    0x08002294   0x08002294   0x0000002e   Code   RO         1503    i.I2C_IsAcknowledgeFailed  stm32f4xx_hal_i2c.o
    0x080022c2   0x080022c2   0x000000d4   Code   RO         1506    i.I2C_MasterRequestRead  stm32f4xx_hal_i2c.o
    0x08002396   0x08002396   0x00000002   PAD
    0x08002398   0x08002398   0x00000088   Code   RO         1507    i.I2C_MasterRequestWrite  stm32f4xx_hal_i2c.o
    0x08002420   0x08002420   0x0000004c   Code   RO         1516    i.I2C_WaitOnBTFFlagUntilTimeout  stm32f4xx_hal_i2c.o
    0x0800246c   0x0800246c   0x00000068   Code   RO         1517    i.I2C_WaitOnFlagUntilTimeout  stm32f4xx_hal_i2c.o
    0x080024d4   0x080024d4   0x00000096   Code   RO         1518    i.I2C_WaitOnMasterAddressFlagUntilTimeout  stm32f4xx_hal_i2c.o
    0x0800256a   0x0800256a   0x00000066   Code   RO         1519    i.I2C_WaitOnRXNEFlagUntilTimeout  stm32f4xx_hal_i2c.o
    0x080025d0   0x080025d0   0x0000004c   Code   RO         1520    i.I2C_WaitOnTXEFlagUntilTimeout  stm32f4xx_hal_i2c.o
    0x0800261c   0x0800261c   0x00000038   Code   RO          638    i.IntToUnicode      usbd_desc.o
    0x08002654   0x08002654   0x00000038   Code   RO           14    i.MPU6050_read      main.o
    0x0800268c   0x0800268c   0x00000040   Code   RO           15    i.MPU6050_write     main.o
    0x080026cc   0x080026cc   0x0000000e   Code   RO           16    i.MPU6050_write_reg  main.o
    0x080026da   0x080026da   0x00000002   PAD
    0x080026dc   0x080026dc   0x00000074   Code   RO          304    i.MX_GPIO_Init      gpio.o
    0x08002750   0x08002750   0x00000040   Code   RO          330    i.MX_I2C1_Init      i2c.o
    0x08002790   0x08002790   0x00000038   Code   RO          372    i.MX_USART2_UART_Init  usart.o
    0x080027c8   0x080027c8   0x00000054   Code   RO          412    i.MX_USB_DEVICE_Init  usb_device.o
    0x0800281c   0x0800281c   0x00000002   Code   RO          780    i.MemManage_Handler  stm32f4xx_it.o
    0x0800281e   0x0800281e   0x00000002   Code   RO          781    i.NMI_Handler       stm32f4xx_it.o
    0x08002820   0x08002820   0x0000000c   Code   RO          782    i.OTG_FS_IRQHandler  stm32f4xx_it.o
    0x0800282c   0x0800282c   0x000000dc   Code   RO          920    i.PCD_EP_OutXfrComplete_int  stm32f4xx_hal_pcd.o
    0x08002908   0x08002908   0x000000a2   Code   RO          921    i.PCD_WriteEmptyTxFifo  stm32f4xx_hal_pcd.o
    0x080029aa   0x080029aa   0x00000002   Code   RO          783    i.PendSV_Handler    stm32f4xx_it.o
    0x080029ac   0x080029ac   0x00000002   Code   RO          784    i.SVC_Handler       stm32f4xx_it.o
    0x080029ae   0x080029ae   0x00000004   Code   RO          785    i.SysTick_Handler   stm32f4xx_it.o
    0x080029b2   0x080029b2   0x00000002   PAD
    0x080029b4   0x080029b4   0x00000088   Code   RO           17    i.SystemClock_Config  main.o
    0x08002a3c   0x08002a3c   0x00000054   Code   RO         3382    i.SystemInit        system_stm32f4xx.o
    0x08002a90   0x08002a90   0x000002ac   Code   RO         1977    i.UART_SetConfig    stm32f4xx_hal_uart.o
    0x08002d3c   0x08002d3c   0x00000064   Code   RO         1979    i.UART_WaitOnFlagUntilTimeout  stm32f4xx_hal_uart.o
    0x08002da0   0x08002da0   0x00000028   Code   RO           21    i.UART_string       main.o
    0x08002dc8   0x08002dc8   0x0000004a   Code   RO         3682    i.USBD_CDC_DataIn   usbd_cdc.o
    0x08002e12   0x08002e12   0x0000002e   Code   RO         3683    i.USBD_CDC_DataOut  usbd_cdc.o
    0x08002e40   0x08002e40   0x00000044   Code   RO         3684    i.USBD_CDC_DeInit   usbd_cdc.o
    0x08002e84   0x08002e84   0x00000024   Code   RO         3685    i.USBD_CDC_EP0_RxReady  usbd_cdc.o
    0x08002ea8   0x08002ea8   0x0000000c   Code   RO         3686    i.USBD_CDC_GetDeviceQualifierDescriptor  usbd_cdc.o
    0x08002eb4   0x08002eb4   0x0000000c   Code   RO         3687    i.USBD_CDC_GetFSCfgDesc  usbd_cdc.o
    0x08002ec0   0x08002ec0   0x0000000c   Code   RO         3688    i.USBD_CDC_GetHSCfgDesc  usbd_cdc.o
    0x08002ecc   0x08002ecc   0x0000000c   Code   RO         3689    i.USBD_CDC_GetOtherSpeedCfgDesc  usbd_cdc.o
    0x08002ed8   0x08002ed8   0x00000094   Code   RO         3690    i.USBD_CDC_Init     usbd_cdc.o
    0x08002f6c   0x08002f6c   0x00000028   Code   RO         3691    i.USBD_CDC_ReceivePacket  usbd_cdc.o
    0x08002f94   0x08002f94   0x00000010   Code   RO         3692    i.USBD_CDC_RegisterInterface  usbd_cdc.o
    0x08002fa4   0x08002fa4   0x0000000c   Code   RO         3693    i.USBD_CDC_SetRxBuffer  usbd_cdc.o
    0x08002fb0   0x08002fb0   0x00000010   Code   RO         3694    i.USBD_CDC_SetTxBuffer  usbd_cdc.o
    0x08002fc0   0x08002fc0   0x000000ac   Code   RO         3695    i.USBD_CDC_Setup    usbd_cdc.o
    0x0800306c   0x0800306c   0x00000036   Code   RO         3696    i.USBD_CDC_TransmitPacket  usbd_cdc.o
    0x080030a2   0x080030a2   0x0000000e   Code   RO         3419    i.USBD_ClrClassConfig  usbd_core.o
    0x080030b0   0x080030b0   0x00000010   Code   RO         3622    i.USBD_CtlContinueRx  usbd_ioreq.o
    0x080030c0   0x080030c0   0x00000010   Code   RO         3623    i.USBD_CtlContinueSendData  usbd_ioreq.o
    0x080030d0   0x080030d0   0x00000016   Code   RO         3557    i.USBD_CtlError     usbd_ctlreq.o
    0x080030e6   0x080030e6   0x0000001e   Code   RO         3624    i.USBD_CtlPrepareRx  usbd_ioreq.o
    0x08003104   0x08003104   0x00000016   Code   RO         3625    i.USBD_CtlReceiveStatus  usbd_ioreq.o
    0x0800311a   0x0800311a   0x0000001a   Code   RO         3626    i.USBD_CtlSendData  usbd_ioreq.o
    0x08003134   0x08003134   0x00000016   Code   RO         3627    i.USBD_CtlSendStatus  usbd_ioreq.o
    0x0800314a   0x0800314a   0x00000002   PAD
    0x0800314c   0x0800314c   0x00000020   Code   RO          639    i.USBD_FS_ConfigStrDescriptor  usbd_desc.o
    0x0800316c   0x0800316c   0x0000000c   Code   RO          640    i.USBD_FS_DeviceDescriptor  usbd_desc.o
    0x08003178   0x08003178   0x00000024   Code   RO          641    i.USBD_FS_InterfaceStrDescriptor  usbd_desc.o
    0x0800319c   0x0800319c   0x0000000c   Code   RO          642    i.USBD_FS_LangIDStrDescriptor  usbd_desc.o
    0x080031a8   0x080031a8   0x00000028   Code   RO          643    i.USBD_FS_ManufacturerStrDescriptor  usbd_desc.o
    0x080031d0   0x080031d0   0x0000002c   Code   RO          644    i.USBD_FS_ProductStrDescriptor  usbd_desc.o
    0x080031fc   0x080031fc   0x00000038   Code   RO          645    i.USBD_FS_SerialStrDescriptor  usbd_desc.o
    0x08003234   0x08003234   0x000000e8   Code   RO         3558    i.USBD_GetDescriptor  usbd_ctlreq.o
    0x0800331c   0x0800331c   0x00000048   Code   RO         3559    i.USBD_GetString    usbd_ctlreq.o
    0x08003364   0x08003364   0x00000018   Code   RO          456    i.USBD_Get_USB_Status  usbd_conf.o
    0x0800337c   0x0800337c   0x0000002a   Code   RO         3421    i.USBD_Init         usbd_core.o
    0x080033a6   0x080033a6   0x00000012   Code   RO          457    i.USBD_LL_ClearStallEP  usbd_conf.o
    0x080033b8   0x080033b8   0x00000012   Code   RO          458    i.USBD_LL_CloseEP   usbd_conf.o
    0x080033ca   0x080033ca   0x000000c6   Code   RO         3422    i.USBD_LL_DataInStage  usbd_core.o
    0x08003490   0x08003490   0x00000082   Code   RO         3423    i.USBD_LL_DataOutStage  usbd_core.o
    0x08003512   0x08003512   0x00000004   Code   RO         3424    i.USBD_LL_DevConnected  usbd_core.o
    0x08003516   0x08003516   0x00000016   Code   RO         3425    i.USBD_LL_DevDisconnected  usbd_core.o
    0x0800352c   0x0800352c   0x00000008   Code   RO          462    i.USBD_LL_GetRxDataSize  usbd_conf.o
    0x08003534   0x08003534   0x00000060   Code   RO          463    i.USBD_LL_Init      usbd_conf.o
    0x08003594   0x08003594   0x00000020   Code   RO          464    i.USBD_LL_IsStallEP  usbd_conf.o
    0x080035b4   0x080035b4   0x00000004   Code   RO         3426    i.USBD_LL_IsoINIncomplete  usbd_core.o
    0x080035b8   0x080035b8   0x00000004   Code   RO         3427    i.USBD_LL_IsoOUTIncomplete  usbd_core.o
    0x080035bc   0x080035bc   0x00000018   Code   RO          465    i.USBD_LL_OpenEP    usbd_conf.o
    0x080035d4   0x080035d4   0x00000012   Code   RO          466    i.USBD_LL_PrepareReceive  usbd_conf.o
    0x080035e6   0x080035e6   0x00000050   Code   RO         3428    i.USBD_LL_Reset     usbd_core.o
    0x08003636   0x08003636   0x0000000c   Code   RO         3429    i.USBD_LL_Resume    usbd_core.o
    0x08003642   0x08003642   0x00000018   Code   RO         3430    i.USBD_LL_SOF       usbd_core.o
    0x0800365a   0x0800365a   0x00000006   Code   RO         3431    i.USBD_LL_SetSpeed  usbd_core.o
    0x08003660   0x08003660   0x00000012   Code   RO          467    i.USBD_LL_SetUSBAddress  usbd_conf.o
    0x08003672   0x08003672   0x0000005a   Code   RO         3432    i.USBD_LL_SetupStage  usbd_core.o
    0x080036cc   0x080036cc   0x00000012   Code   RO          468    i.USBD_LL_StallEP   usbd_conf.o
    0x080036de   0x080036de   0x00000012   Code   RO          469    i.USBD_LL_Start     usbd_conf.o
    0x080036f0   0x080036f0   0x00000012   Code   RO         3433    i.USBD_LL_Suspend   usbd_core.o
    0x08003702   0x08003702   0x00000012   Code   RO          471    i.USBD_LL_Transmit  usbd_conf.o
    0x08003714   0x08003714   0x00000028   Code   RO         3560    i.USBD_ParseSetupRequest  usbd_ctlreq.o
    0x0800373c   0x0800373c   0x00000010   Code   RO         3434    i.USBD_RegisterClass  usbd_core.o
    0x0800374c   0x0800374c   0x00000016   Code   RO         3436    i.USBD_SetClassConfig  usbd_core.o
    0x08003762   0x08003762   0x00000002   PAD
    0x08003764   0x08003764   0x00000084   Code   RO         3561    i.USBD_SetConfig    usbd_ctlreq.o
    0x080037e8   0x080037e8   0x0000000a   Code   RO         3437    i.USBD_Start        usbd_core.o
    0x080037f2   0x080037f2   0x00000112   Code   RO         3562    i.USBD_StdDevReq    usbd_ctlreq.o
    0x08003904   0x08003904   0x00000150   Code   RO         3563    i.USBD_StdEPReq     usbd_ctlreq.o
    0x08003a54   0x08003a54   0x0000004e   Code   RO         3564    i.USBD_StdItfReq    usbd_ctlreq.o
    0x08003aa2   0x08003aa2   0x00000002   PAD
    0x08003aa4   0x08003aa4   0x00000080   Code   RO         1151    i.USB_ActivateEndpoint  stm32f4xx_ll_usb.o
    0x08003b24   0x08003b24   0x00000034   Code   RO         1153    i.USB_ActivateSetup  stm32f4xx_ll_usb.o
    0x08003b58   0x08003b58   0x00000074   Code   RO         1155    i.USB_CoreInit      stm32f4xx_ll_usb.o
    0x08003bcc   0x08003bcc   0x00000038   Code   RO         1156    i.USB_CoreReset     stm32f4xx_ll_usb.o
    0x08003c04   0x08003c04   0x00000080   Code   RO         1159    i.USB_DeactivateEndpoint  stm32f4xx_ll_usb.o
    0x08003c84   0x08003c84   0x00000018   Code   RO         1160    i.USB_DevConnect    stm32f4xx_ll_usb.o
    0x08003c9c   0x08003c9c   0x00000018   Code   RO         1161    i.USB_DevDisconnect  stm32f4xx_ll_usb.o
    0x08003cb4   0x08003cb4   0x0000018c   Code   RO         1162    i.USB_DevInit       stm32f4xx_ll_usb.o
    0x08003e40   0x08003e40   0x0000000c   Code   RO         1163    i.USB_DisableGlobalInt  stm32f4xx_ll_usb.o
    0x08003e4c   0x08003e4c   0x00000118   Code   RO         1166    i.USB_EP0StartXfer  stm32f4xx_ll_usb.o
    0x08003f64   0x08003f64   0x00000058   Code   RO         1167    i.USB_EP0_OutStart  stm32f4xx_ll_usb.o
    0x08003fbc   0x08003fbc   0x00000058   Code   RO         1168    i.USB_EPClearStall  stm32f4xx_ll_usb.o
    0x08004014   0x08004014   0x00000058   Code   RO         1169    i.USB_EPSetStall    stm32f4xx_ll_usb.o
    0x0800406c   0x0800406c   0x000001e8   Code   RO         1170    i.USB_EPStartXfer   stm32f4xx_ll_usb.o
    0x08004254   0x08004254   0x0000000c   Code   RO         1171    i.USB_EnableGlobalInt  stm32f4xx_ll_usb.o
    0x08004260   0x08004260   0x00000020   Code   RO         1172    i.USB_FlushRxFifo   stm32f4xx_ll_usb.o
    0x08004280   0x08004280   0x00000024   Code   RO         1173    i.USB_FlushTxFifo   stm32f4xx_ll_usb.o
    0x080042a4   0x080042a4   0x0000001a   Code   RO         1175    i.USB_GetDevSpeed   stm32f4xx_ll_usb.o
    0x080042be   0x080042be   0x00000008   Code   RO         1177    i.USB_GetMode       stm32f4xx_ll_usb.o
    0x080042c6   0x080042c6   0x0000000e   Code   RO         1184    i.USB_ReadDevAllInEpInterrupt  stm32f4xx_ll_usb.o
    0x080042d4   0x080042d4   0x0000000e   Code   RO         1185    i.USB_ReadDevAllOutEpInterrupt  stm32f4xx_ll_usb.o
    0x080042e2   0x080042e2   0x00000024   Code   RO         1186    i.USB_ReadDevInEPInterrupt  stm32f4xx_ll_usb.o
    0x08004306   0x08004306   0x00000010   Code   RO         1187    i.USB_ReadDevOutEPInterrupt  stm32f4xx_ll_usb.o
    0x08004316   0x08004316   0x00000008   Code   RO         1188    i.USB_ReadInterrupts  stm32f4xx_ll_usb.o
    0x0800431e   0x0800431e   0x0000001c   Code   RO         1189    i.USB_ReadPacket    stm32f4xx_ll_usb.o
    0x0800433a   0x0800433a   0x0000002e   Code   RO         1191    i.USB_SetCurrentMode  stm32f4xx_ll_usb.o
    0x08004368   0x08004368   0x00000022   Code   RO         1192    i.USB_SetDevAddress  stm32f4xx_ll_usb.o
    0x0800438a   0x0800438a   0x00000002   PAD
    0x0800438c   0x0800438c   0x000000e8   Code   RO         1194    i.USB_SetTurnaroundTime  stm32f4xx_ll_usb.o
    0x08004474   0x08004474   0x00000024   Code   RO         1197    i.USB_WritePacket   stm32f4xx_ll_usb.o
    0x08004498   0x08004498   0x00000002   Code   RO          786    i.UsageFault_Handler  stm32f4xx_it.o
    0x0800449a   0x0800449a   0x00000002   PAD
    0x0800449c   0x0800449c   0x00000020   Code   RO         4071    i.__0printf         mc_w.l(printfa.o)
    0x080044bc   0x080044bc   0x00000030   Code   RO         4159    i.__ARM_fpclassify  m_wm.l(fpclassify.o)
    0x080044ec   0x080044ec   0x00000020   Code   RO         3009    i.__NVIC_SetPriority  stm32f4xx_hal_cortex.o
    0x0800450c   0x0800450c   0x00000004   PAD
    0x08004510   0x08004510   0x000002d8   Code   RO         3785    i.__hardfp_atan     m_wm.l(atan.o)
    0x080047e8   0x080047e8   0x00000c50   Code   RO         3799    i.__hardfp_pow      m_wm.l(pow.o)
    0x08005438   0x08005438   0x0000007a   Code   RO         3813    i.__hardfp_sqrt     m_wm.l(sqrt.o)
    0x080054b2   0x080054b2   0x000000f8   Code   RO         4161    i.__kernel_poly     m_wm.l(poly.o)
    0x080055aa   0x080055aa   0x00000006   PAD
    0x080055b0   0x080055b0   0x00000030   Code   RO         4139    i.__mathlib_dbl_divzero  m_wm.l(dunder.o)
    0x080055e0   0x080055e0   0x00000014   Code   RO         4140    i.__mathlib_dbl_infnan  m_wm.l(dunder.o)
    0x080055f4   0x080055f4   0x00000014   Code   RO         4141    i.__mathlib_dbl_infnan2  m_wm.l(dunder.o)
    0x08005608   0x08005608   0x00000020   Code   RO         4142    i.__mathlib_dbl_invalid  m_wm.l(dunder.o)
    0x08005628   0x08005628   0x00000020   Code   RO         4143    i.__mathlib_dbl_overflow  m_wm.l(dunder.o)
    0x08005648   0x08005648   0x00000020   Code   RO         4145    i.__mathlib_dbl_underflow  m_wm.l(dunder.o)
    0x08005668   0x08005668   0x0000000e   Code   RO         4219    i.__scatterload_copy  mc_w.l(handlers.o)
    0x08005676   0x08005676   0x00000002   Code   RO         4220    i.__scatterload_null  mc_w.l(handlers.o)
    0x08005678   0x08005678   0x0000000e   Code   RO         4221    i.__scatterload_zeroinit  mc_w.l(handlers.o)
    0x08005686   0x08005686   0x00000002   PAD
    0x08005688   0x08005688   0x0000000c   Code   RO         4191    i.__set_errno       mc_w.l(errno.o)
    0x08005694   0x08005694   0x00000184   Code   RO         4078    i._fp_digits        mc_w.l(printfa.o)
    0x08005818   0x08005818   0x000006dc   Code   RO         4079    i._printf_core      mc_w.l(printfa.o)
    0x08005ef4   0x08005ef4   0x00000024   Code   RO         4080    i._printf_post_padding  mc_w.l(printfa.o)
    0x08005f18   0x08005f18   0x0000002e   Code   RO         4081    i._printf_pre_padding  mc_w.l(printfa.o)
    0x08005f46   0x08005f46   0x00000002   PAD
    0x08005f48   0x08005f48   0x00000188   Code   RO           23    i.calibrate_sensors  main.o
    0x080060d0   0x080060d0   0x00000018   Code   RO         4155    i.fabs              m_wm.l(fabs.o)
    0x080060e8   0x080060e8   0x00000012   Code   RO           24    i.fputc             main.o
    0x080060fa   0x080060fa   0x00000002   PAD
    0x080060fc   0x080060fc   0x00000050   Code   RO         4099    i.free              mc_w.l(malloc.o)
    0x0800614c   0x0800614c   0x00000488   Code   RO           25    i.main              main.o
    0x080065d4   0x080065d4   0x0000006c   Code   RO         4100    i.malloc            mc_w.l(malloc.o)
    0x08006640   0x08006640   0x0000004c   Code   RO           26    i.read_gyro_accel_vals  main.o
    0x0800668c   0x0800668c   0x00000024   Code   RO           27    i.selectI2CChannels  main.o
    0x080066b0   0x080066b0   0x00000054   Code   RO           28    i.set_last_read_angle_data  main.o
    0x08006704   0x08006704   0x0000006e   Code   RO         3815    i.sqrt              m_wm.l(sqrt.o)
    0x08006772   0x08006772   0x00000010   Data   RO         3383    .constdata          system_stm32f4xx.o
    0x08006782   0x08006782   0x00000008   Data   RO         3384    .constdata          system_stm32f4xx.o
    0x0800678a   0x0800678a   0x00000006   PAD
    0x08006790   0x08006790   0x00000098   Data   RO         3788    .constdata          m_wm.l(atan.o)
    0x08006828   0x08006828   0x00000088   Data   RO         3802    .constdata          m_wm.l(pow.o)
    0x080068b0   0x080068b0   0x00000008   Data   RO         4163    .constdata          m_wm.l(qnan.o)
    0x080068b8   0x080068b8   0x00000020   Data   RO         4217    Region$$Table       anon$$obj.o


    Execution Region RW_IRAM1 (Exec base: 0x20000000, Load base: 0x080068d8, Size: 0x00007c70, Max: 0x00020000, ABSOLUTE, COMPRESSED[0x000000c0])

    Exec Addr    Load Addr    Size         Type   Attr      Idx    E Section Name        Object

    0x20000000   COMPRESSED   0x0000001c   Data   RW          647    .data               usbd_desc.o
    0x2000001c   COMPRESSED   0x00000032   Data   RW          648    .data               usbd_desc.o
    0x2000004e   COMPRESSED   0x00000002   PAD
    0x20000050   COMPRESSED   0x00000010   Data   RW          730    .data               usbd_cdc_if.o
    0x20000060   COMPRESSED   0x0000000c   Data   RW         3153    .data               stm32f4xx_hal.o
    0x2000006c   COMPRESSED   0x00000004   Data   RW         3385    .data               system_stm32f4xx.o
    0x20000070   COMPRESSED   0x00000001   Data   RW         3565    .data               usbd_ctlreq.o
    0x20000071   COMPRESSED   0x00000003   PAD
    0x20000074   COMPRESSED   0x000000d7   Data   RW         3697    .data               usbd_cdc.o
    0x2000014b   COMPRESSED   0x00000001   PAD
    0x2000014c   COMPRESSED   0x00000038   Data   RW         3698    .data               usbd_cdc.o
    0x20000184   COMPRESSED   0x00000004   Data   RW         4178    .data               mc_w.l(stdout.o)
    0x20000188   COMPRESSED   0x00000004   Data   RW         4187    .data               mc_w.l(mvars.o)
    0x2000018c   COMPRESSED   0x00000004   Data   RW         4188    .data               mc_w.l(mvars.o)
    0x20000190   COMPRESSED   0x00000004   Data   RW         4192    .data               mc_w.l(errno.o)
    0x20000194        -       0x000001a0   Zero   RW           29    .bss                main.o
    0x20000334        -       0x00000054   Zero   RW          331    .bss                i2c.o
    0x20000388        -       0x00000040   Zero   RW          373    .bss                usart.o
    0x200003c8        -       0x0000029c   Zero   RW          413    .bss                usb_device.o
    0x20000664        -       0x00000408   Zero   RW          472    .bss                usbd_conf.o
    0x20000a6c        -       0x00000200   Zero   RW          646    .bss                usbd_desc.o
    0x20000c6c        -       0x00001000   Zero   RW          729    .bss                usbd_cdc_if.o
    0x20001c6c   COMPRESSED   0x00000004   PAD
    0x20001c70        -       0x00002000   Zero   RW            2    HEAP                startup_stm32f407xx.o
    0x20003c70        -       0x00004000   Zero   RW            1    STACK               startup_stm32f407xx.o


==============================================================================

Image component sizes


      Code (inc. data)   RO Data    RW Data    ZI Data      Debug   Object Name

       116         14          0          0          0        915   gpio.o
       168         26          0          0         84       1697   i2c.o
      2078        250          0          0        416     696558   main.o
        36          8        392          0      24576        848   startup_stm32f407xx.o
       180         28          0         12          0       4665   stm32f4xx_hal.o
       198         14          0          0          0      34031   stm32f4xx_hal_cortex.o
       458         50          0          0          0       2996   stm32f4xx_hal_gpio.o
      2054         42          0          0          0      12390   stm32f4xx_hal_i2c.o
        52          4          0          0          0        866   stm32f4xx_hal_msp.o
      2372         18          0          0          0      13089   stm32f4xx_hal_pcd.o
        78          0          0          0          0       2457   stm32f4xx_hal_pcd_ex.o
      1272         82          0          0          0       5728   stm32f4xx_hal_rcc.o
      1068          8          0          0          0       4172   stm32f4xx_hal_uart.o
       116         12          0          0          0       5309   stm32f4xx_it.o
      2546        140          0          0          0      23171   stm32f4xx_ll_usb.o
        84         18         24          4          0       1195   system_stm32f4xx.o
       160         20          0          0         64       1738   usart.o
        84         18          0          0        668        804   usb_device.o
       730         16          0        271          0      13750   usbd_cdc.o
       128         24          0         16       4096       3424   usbd_cdc_if.o
       654         18          0          0       1032      15288   usbd_conf.o
       696          0          0          0          0      12561   usbd_core.o
      1186         28          0          1          0       8240   usbd_ctlreq.o
       288        104          0         78        512       6053   usbd_desc.o
       132          0          0          0          0       4604   usbd_ioreq.o

    ----------------------------------------------------------------------
     16970        942        454        388      31452     876549   Object Totals
         0          0         32          0          0          0   (incl. Generated)
        36          0          6          6          4          0   (incl. Padding)

    ----------------------------------------------------------------------

      Code (inc. data)   RO Data    RW Data    ZI Data      Debug   Library Member Name

       728        106        152          0          0        228   atan.o
       184         44          0          0          0        744   dunder.o
        24          0          0          0          0        124   fabs.o
        48          0          0          0          0        124   fpclassify.o
       248          0          0          0          0        152   poly.o
      3152        296        136          0          0        352   pow.o
         0          0          8          0          0          0   qnan.o
       232          0          0          0          0        296   sqrt.o
        86          0          0          0          0          0   __dczerorl2.o
         0          0          0          0          0          0   entry.o
         0          0          0          0          0          0   entry10a.o
         0          0          0          0          0          0   entry11a.o
         8          4          0          0          0          0   entry2.o
         4          0          0          0          0          0   entry5.o
         0          0          0          0          0          0   entry7b.o
         0          0          0          0          0          0   entry8b.o
         8          4          0          0          0          0   entry9a.o
        12          6          0          4          0         68   errno.o
        30          0          0          0          0          0   handlers.o
        36          8          0          0          0         68   init.o
         0          0          0          0          0          0   iusefp.o
        30          0          0          0          0         68   llshl.o
        36          0          0          0          0         68   llsshr.o
        32          0          0          0          0         68   llushr.o
       188         20          0          0          0        160   malloc.o
        36          0          0          0          0         68   memcpya.o
        36          0          0          0          0        108   memseta.o
         0          0          0          8          0          0   mvars.o
      2258         90          0          0          0        452   printfa.o
         0          0          0          4          0          0   stdout.o
        14          0          0          0          0         68   strlen.o
        44          0          0          0          0         80   uidiv.o
        98          0          0          0          0         92   uldiv.o
        48          0          0          0          0         68   cdrcmple.o
        56          0          0          0          0         88   d2f.o
       334          0          0          0          0        148   dadd.o
       222          0          0          0          0        100   ddiv.o
       186          0          0          0          0        176   depilogue.o
        48          0          0          0          0         68   dfixul.o
        34          0          0          0          0         76   dflti.o
        26          0          0          0          0         76   dfltui.o
       228          0          0          0          0         96   dmul.o
        46          0          0          0          0         80   dscalb.o
       162          0          0          0          0        100   dsqrt.o
        38          0          0          0          0         68   f2d.o
       110          0          0          0          0        168   fepilogue.o

    ----------------------------------------------------------------------
      9120        578        296         16          0       4700   Library Totals
        10          0          0          0          0          0   (incl. Padding)

    ----------------------------------------------------------------------

      Code (inc. data)   RO Data    RW Data    ZI Data      Debug   Library Name

      4616        446        296          0          0       2020   m_wm.l
      2956        132          0         16          0       1368   mc_w.l
      1538          0          0          0          0       1312   mf_w.l

    ----------------------------------------------------------------------
      9120        578        296         16          0       4700   Library Totals

    ----------------------------------------------------------------------

==============================================================================


      Code (inc. data)   RO Data    RW Data    ZI Data      Debug   

     26090       1520        750        404      31452     860329   Grand Totals
     26090       1520        750        192      31452     860329   ELF Image Totals (compressed)
     26090       1520        750        192          0          0   ROM Totals

==============================================================================

    Total RO  Size (Code + RO Data)                26840 (  26.21kB)
    Total RW  Size (RW Data + ZI Data)             31856 (  31.11kB)
    Total ROM Size (Code + RO Data + RW Data)      27032 (  26.40kB)

==============================================================================

