<html>
<body>
<pre>
<h1>µVision Build Log</h1>
<h2>Tool Versions:</h2>
IDE-Version: µVision V5.28.0.0
Copyright (C) 2019 ARM Ltd and ARM Germany GmbH. All rights reserved.
License Information: a a a Flex license: MDK Professional 5.28 (Flex) (mdk_pro) Borrow: 13 Nov 2019
 
Tool Versions:
Toolchain:       MDK Professional 5.28 (Flex)  Version: 5.28.0.0
Toolchain Path:  C:\Keil_v5\ARM\ARMCC\Bin
C Compiler:      Armcc.exe V5.06 update 6 (build 750)
Assembler:       Armasm.exe V5.06 update 6 (build 750)
Linker/Locator:  ArmLink.exe V5.06 update 6 (build 750)
Library Manager: ArmAr.exe V5.06 update 6 (build 750)
Hex Converter:   FromElf.exe V5.06 update 6 (build 750)
CPU DLL:         SARMCM3.DLL V5.28.0.0
Dialog DLL:      DCM.DLL V1.17.3.0
Target DLL:      STLink\ST-LINKIII-KEIL_SWO.dll V3.0.6.0
Dialog DLL:      TCM.DLL V1.36.2.0
 
<h2>Project:</h2>
D:\KMITL\STM32CubeMXWork\stm32_gyro\Test2_I2C2UART\MDK-ARM\Test1_I2C2UART.uvprojx
Project File Date:  10/14/2019

<h2>Output:</h2>
*** Using Compiler 'V5.06 update 6 (build 750)', folder: 'C:\Keil_v5\ARM\ARMCC\Bin'
Build target 'Test1_I2C2UART'
compiling main.c...
../Src/main.c(261): warning:  #177-D: variable "i"  was declared but never referenced
    int i, n, error;
../Src/main.c(261): warning:  #177-D: variable "n"  was declared but never referenced
    int i, n, error;
../Src/main.c(261): warning:  #177-D: variable "error"  was declared but never referenced
    int i, n, error;
../Src/main.c(397): warning:  #177-D: variable "c"  was declared but never referenced
  	unsigned char c;
../Src/main.c(398): warning:  #177-D: variable "error"  was declared but never referenced
  	int error;
../Src/main.c(399): warning:  #177-D: variable "reading"  was declared but never referenced
  	int16_t reading;
../Src/main.c(622): warning:  #1035-D: single-precision operand implicitly converted to double-precision
  			float angle_x = alpha*gyro_angle_x + (1.0 - alpha)*accel_angle_x;
../Src/main.c(623): warning:  #1035-D: single-precision operand implicitly converted to double-precision
  			float angle_y = alpha*gyro_angle_y + (1.0 - alpha)*accel_angle_y;
../Src/main.c(523): warning:  #550-D: variable "error"  was set but never used
  			int error;
../Src/main.c(476): warning:  #177-D: variable "MPU6050write"  was declared but never referenced
  	unsigned char MPU6050write[1];
../Src/main.c(477): warning:  #177-D: variable "MPU6050read"  was declared but never referenced
  	unsigned char MPU6050read[1];
../Src/main.c: 11 warnings, 0 errors
linking...
Program Size: Code=17182 RO-data=746 RW-data=20 ZI-data=1652  
FromELF: creating hex file...
"Test1_I2C2UART\Test1_I2C2UART.axf" - 0 Error(s), 11 Warning(s).

<h2>Software Packages used:</h2>

Package Vendor: ARM
                http://www.keil.com/pack/ARM.CMSIS.5.6.0.pack
                ARM.CMSIS.5.6.0
                CMSIS (Cortex Microcontroller Software Interface Standard)
   * Component: CORE Version: 5.3.0

Package Vendor: Keil
                http://www.keil.com/pack/Keil.STM32F4xx_DFP.2.14.0.pack
                Keil.STM32F4xx_DFP.2.14.0
                STMicroelectronics STM32F4 Series Device Support, Drivers and Examples

<h2>Collection of Component include folders:</h2>
  .\RTE\_Test1_I2C2UART
  C:\Users\terapat\AppData\Local\Arm\Packs\ARM\CMSIS\5.6.0\CMSIS\Core\Include
  C:\Users\terapat\AppData\Local\Arm\Packs\Keil\STM32F4xx_DFP\2.14.0\Drivers\CMSIS\Device\ST\STM32F4xx\Include

<h2>Collection of Component Files used:</h2>

   * Component: ARM::CMSIS:CORE:5.3.0
Build Time Elapsed:  00:00:23
</pre>
</body>
</html>
